Archive member included to satisfy reference by file (symbol)

a/libstm32f4xxhal.a(stm32f4xx_hal_hcd.o)
                              (--whole-archive)
a/libstm32f4xxhal.a(stm32f4xx_hal_dcmi.o)
                              (--whole-archive)
a/libstm32f4xxhal.a(stm32f4xx_hal_pcd.o)
                              (--whole-archive)
a/libstm32f4xxhal.a(stm32f4xx_hal_irda.o)
                              (--whole-archive)
a/libstm32f4xxhal.a(stm32f4xx_ll_fsmc.o)
                              (--whole-archive)
a/libstm32f4xxhal.a(stm32f4xx_hal_cec.o)
                              (--whole-archive)
a/libstm32f4xxhal.a(stm32f4xx_hal_rcc_ex.o)
                              (--whole-archive)
a/libstm32f4xxhal.a(stm32f4xx_hal.o)
                              (--whole-archive)
a/libstm32f4xxhal.a(stm32f4xx_hal_flash_ex.o)
                              (--whole-archive)
a/libstm32f4xxhal.a(stm32f4xx_hal_cryp.o)
                              (--whole-archive)
a/libstm32f4xxhal.a(stm32f4xx_hal_rng.o)
                              (--whole-archive)
a/libstm32f4xxhal.a(stm32f4xx_hal_nand.o)
                              (--whole-archive)
a/libstm32f4xxhal.a(stm32f4xx_hal_spi.o)
                              (--whole-archive)
a/libstm32f4xxhal.a(stm32f4xx_ll_fmc.o)
                              (--whole-archive)
a/libstm32f4xxhal.a(stm32f4xx_hal_dcmi_ex.o)
                              (--whole-archive)
a/libstm32f4xxhal.a(stm32f4xx_hal_pcd_ex.o)
                              (--whole-archive)
a/libstm32f4xxhal.a(stm32f4xx_hal_uart.o)
                              (--whole-archive)
a/libstm32f4xxhal.a(stm32f4xx_hal_fmpi2c.o)
                              (--whole-archive)
a/libstm32f4xxhal.a(stm32f4xx_hal_lptim.o)
                              (--whole-archive)
a/libstm32f4xxhal.a(stm32f4xx_hal_crc.o)
                              (--whole-archive)
a/libstm32f4xxhal.a(stm32f4xx_hal_i2s.o)
                              (--whole-archive)
a/libstm32f4xxhal.a(stm32f4xx_hal_gpio.o)
                              (--whole-archive)
a/libstm32f4xxhal.a(stm32f4xx_hal_smartcard.o)
                              (--whole-archive)
a/libstm32f4xxhal.a(stm32f4xx_hal_pccard.o)
                              (--whole-archive)
a/libstm32f4xxhal.a(stm32f4xx_hal_dma2d.o)
                              (--whole-archive)
a/libstm32f4xxhal.a(stm32f4xx_hal_sai.o)
                              (--whole-archive)
a/libstm32f4xxhal.a(stm32f4xx_hal_cryp_ex.o)
                              (--whole-archive)
a/libstm32f4xxhal.a(stm32f4xx_hal_hash.o)
                              (--whole-archive)
a/libstm32f4xxhal.a(stm32f4xx_hal_ltdc_ex.o)
                              (--whole-archive)
a/libstm32f4xxhal.a(stm32f4xx_hal_flash_ramfunc.o)
                              (--whole-archive)
a/libstm32f4xxhal.a(stm32f4xx_hal_cortex.o)
                              (--whole-archive)
a/libstm32f4xxhal.a(stm32f4xx_hal_iwdg.o)
                              (--whole-archive)
a/libstm32f4xxhal.a(stm32f4xx_hal_usart.o)
                              (--whole-archive)
a/libstm32f4xxhal.a(stm32f4xx_hal_tim_ex.o)
                              (--whole-archive)
a/libstm32f4xxhal.a(stm32f4xx_hal_adc_ex.o)
                              (--whole-archive)
a/libstm32f4xxhal.a(stm32f4xx_hal_i2s_ex.o)
                              (--whole-archive)
a/libstm32f4xxhal.a(stm32f4xx_ll_usb.o)
                              (--whole-archive)
a/libstm32f4xxhal.a(stm32f4xx_hal_dma.o)
                              (--whole-archive)
a/libstm32f4xxhal.a(stm32f4xx_hal_dsi.o)
                              (--whole-archive)
a/libstm32f4xxhal.a(stm32f4xx_hal_dac.o)
                              (--whole-archive)
a/libstm32f4xxhal.a(stm32f4xx_hal_spdifrx.o)
                              (--whole-archive)
a/libstm32f4xxhal.a(stm32f4xx_hal_fmpi2c_ex.o)
                              (--whole-archive)
a/libstm32f4xxhal.a(stm32f4xx_ll_sdmmc.o)
                              (--whole-archive)
a/libstm32f4xxhal.a(stm32f4xx_hal_can.o)
                              (--whole-archive)
a/libstm32f4xxhal.a(stm32f4xx_hal_sai_ex.o)
                              (--whole-archive)
a/libstm32f4xxhal.a(stm32f4xx_hal_nor.o)
                              (--whole-archive)
a/libstm32f4xxhal.a(stm32f4xx_hal_pwr.o)
                              (--whole-archive)
a/libstm32f4xxhal.a(stm32f4xx_hal_rtc.o)
                              (--whole-archive)
a/libstm32f4xxhal.a(stm32f4xx_hal_qspi.o)
                              (--whole-archive)
a/libstm32f4xxhal.a(stm32f4xx_hal_hash_ex.o)
                              (--whole-archive)
a/libstm32f4xxhal.a(stm32f4xx_hal_i2c.o)
                              (--whole-archive)
a/libstm32f4xxhal.a(stm32f4xx_hal_sram.o)
                              (--whole-archive)
a/libstm32f4xxhal.a(stm32f4xx_hal_eth.o)
                              (--whole-archive)
a/libstm32f4xxhal.a(stm32f4xx_hal_tim.o)
                              (--whole-archive)
a/libstm32f4xxhal.a(stm32f4xx_hal_dma_ex.o)
[...]
Memory Configuration

Name             Origin             Length             Attributes
flash            0x0000000008000000 0x0000000000020000
ram0             0x0000000020000000 0x0000000000008000
ram1             0x0000000000000000 0x0000000000000000
ram2             0x0000000000000000 0x0000000000000000
ram3             0x0000000000000000 0x0000000000000000
ram4             0x0000000000000000 0x0000000000000000
ram5             0x0000000000000000 0x0000000000000000
ram6             0x0000000000000000 0x0000000000000000
ram7             0x0000000000000000 0x0000000000000000
*default*        0x0000000000000000 0xffffffffffffffff

Linker script and memory map

                0x0000000000000400                __process_stack_size__ = 0x400
                0x0000000000000400                __main_stack_size__ = 0x400
LOAD o/src/main.o
LOAD o/cube/nucleo-f410-bsp1/Src/rtc.o
LOAD o/cube/nucleo-f410-bsp1/Src/stm32f4xx_hal_msp.o
LOAD o/cube/nucleo-f410-bsp1/Src/gpio.o
LOAD o/cube/nucleo-f410-bsp1/Src/dma.o
LOAD o/cube/nucleo-f410-bsp1/Src/usart.o
LOAD o/cube/nucleo-f410-bsp1/Src/cube_main.o
LOAD o/cube/nucleo-f410-bsp1/Src/cube_stm32f4xx_it.o
LOAD o/lib/CMSIS-hal/Device/ST/STM32F4xx/Source/Templates/system_stm32f4xx.o
LOAD o/port/chibios/chi_sthal_wrapper.o
LOAD o/src/simple-bsp/usart1.o
LOAD o/src/simple-bsp/syscalls.o
LOAD o/src/simple-bsp/usart2.o
LOAD o/src/simple-bsp/usart3.o
LOAD o/src/simple-bsp/uart4.o
LOAD o/src/simple-bsp/usart6.o
LOAD o/src/simple-bsp/usartx.o
START GROUP
LOAD a/libstm32f4xxhal.a
LOAD a/libchibios-16.1.4-kernel.a
END GROUP
LOAD /usr/lib/gcc/arm-none-eabi/6.3.1/../../../arm-none-eabi/lib/thumb/v7e-m/fpv4-sp/hard/libm.a
START GROUP
LOAD /usr/lib/gcc/arm-none-eabi/6.3.1/thumb/v7e-m/fpv4-sp/hard/libgcc.a
LOAD /usr/lib/gcc/arm-none-eabi/6.3.1/../../../arm-none-eabi/lib/thumb/v7e-m/fpv4-sp/hard/libg_nano.a
LOAD /usr/lib/gcc/arm-none-eabi/6.3.1/../../../arm-none-eabi/lib/thumb/v7e-m/fpv4-sp/hard/libc_nano.a
END GROUP
START GROUP
LOAD /usr/lib/gcc/arm-none-eabi/6.3.1/thumb/v7e-m/fpv4-sp/hard/libgcc.a
LOAD /usr/lib/gcc/arm-none-eabi/6.3.1/../../../arm-none-eabi/lib/thumb/v7e-m/fpv4-sp/hard/libc_nano.a
END GROUP
                0x0000000020000000                __ram0_start__ = ORIGIN (ram0)
                0x0000000000008000                __ram0_size__ = LENGTH (ram0)
                0x0000000020008000                __ram0_end__ = (__ram0_start__ + __ram0_size__)
                0x0000000000000000                __ram1_start__ = ORIGIN (ram1)
                0x0000000000000000                __ram1_size__ = LENGTH (ram1)
                0x0000000000000000                __ram1_end__ = (__ram1_start__ + __ram1_size__)
                0x0000000000000000                __ram2_start__ = ORIGIN (ram2)
                0x0000000000000000                __ram2_size__ = LENGTH (ram2)
                0x0000000000000000                __ram2_end__ = (__ram2_start__ + __ram2_size__)
                0x0000000000000000                __ram3_start__ = ORIGIN (ram3)
                0x0000000000000000                __ram3_size__ = LENGTH (ram3)
                0x0000000000000000                __ram3_end__ = (__ram3_start__ + __ram3_size__)
                0x0000000000000000                __ram4_start__ = ORIGIN (ram4)
                0x0000000000000000                __ram4_size__ = LENGTH (ram4)
                0x0000000000000000                __ram4_end__ = (__ram4_start__ + __ram4_size__)
                0x0000000000000000                __ram5_start__ = ORIGIN (ram5)
                0x0000000000000000                __ram5_size__ = LENGTH (ram5)
                0x0000000000000000                __ram5_end__ = (__ram5_start__ + __ram5_size__)
                0x0000000000000000                __ram6_start__ = ORIGIN (ram6)
                0x0000000000000000                __ram6_size__ = LENGTH (ram6)
                0x0000000000000000                __ram6_end__ = (__ram6_start__ + __ram6_size__)
                0x0000000000000000                __ram7_start__ = ORIGIN (ram7)
                0x0000000000000000                __ram7_size__ = LENGTH (ram7)
                0x0000000000000000                __ram7_end__ = (__ram7_start__ + __ram7_size__)
                0x0000000000000000                . = 0x0
                0x0000000000000000                _text = .

startup         0x0000000008000000      0x1c0
 *(.vectors)
 .vectors       0x0000000008000000      0x1c0 a/libchibios-16.1.4-kernel.a(vectors.o)
                0x0000000008000000                _vectors

constructors    0x00000000080001c0        0x0
                0x00000000080001c0                __init_array_start = .
 *(SORT(.init_array.*))
 *(.init_array)
                0x00000000080001c0                __init_array_end = .

destructors     0x00000000080001c0        0x0
                0x00000000080001c0                __fini_array_start = .
 *(.fini_array)
 *(SORT(.fini_array.*))
                0x00000000080001c0                __fini_array_end = .

.text           0x00000000080001c0     0x4008
 *(.text)
 .text          0x00000000080001c0       0xd8 a/libchibios-16.1.4-kernel.a(crt0_v7m.o)
                0x00000000080001c0                Reset_Handler
 *fill*         0x0000000008000298        0x8 
 .text          0x00000000080002a0       0x30 a/libchibios-16.1.4-kernel.a(chcoreasm_v7m.o)
                0x00000000080002a0                _port_switch
                0x00000000080002b8                _port_thread_start
                0x00000000080002c8                _port_switch_from_isr
                0x00000000080002cc                _port_exit_from_isr
 .text          0x00000000080002d0      0x134 /usr/lib/gcc/arm-none-eabi/6.3.1/../../../arm-none-eabi/lib/thumb/v7e-m/fpv4-sp/hard/libg_nano.a(lib_a-memcpy.o)
                0x00000000080002d0                memcpy
 *fill*         0x0000000008000404        0xc 
 .text          0x0000000008000410       0x9c /usr/lib/gcc/arm-none-eabi/6.3.1/../../../arm-none-eabi/lib/thumb/v7e-m/fpv4-sp/hard/libg_nano.a(lib_a-memset.o)
                0x0000000008000410                memset
 *fill*         0x00000000080004ac        0x4 
 .text          0x00000000080004b0       0x60 /usr/lib/gcc/arm-none-eabi/6.3.1/../../../arm-none-eabi/lib/thumb/v7e-m/fpv4-sp/hard/libg_nano.a(lib_a-printf.o)
                0x00000000080004b0                _printf_r
                0x00000000080004b0                _iprintf_r
                0x00000000080004dc                printf
                0x00000000080004dc                iprintf
 .text          0x0000000008000510       0xf0 /usr/lib/gcc/arm-none-eabi/6.3.1/../../../arm-none-eabi/lib/thumb/v7e-m/fpv4-sp/hard/libg_nano.a(lib_a-puts.o)
                0x0000000008000510                _puts_r
                0x00000000080005f0                puts
 .text          0x0000000008000600       0xc4 /usr/lib/gcc/arm-none-eabi/6.3.1/../../../arm-none-eabi/lib/thumb/v7e-m/fpv4-sp/hard/libg_nano.a(lib_a-wbuf.o)
                0x0000000008000600                __swbuf_r
                0x00000000080006b4                __swbuf
 *fill*         0x00000000080006c4        0xc 
 .text          0x00000000080006d0       0xf4 /usr/lib/gcc/arm-none-eabi/6.3.1/../../../arm-none-eabi/lib/thumb/v7e-m/fpv4-sp/hard/libg_nano.a(lib_a-wsetup.o)
                0x00000000080006d0                __swsetup_r
 *fill*         0x00000000080007c4        0xc 
 .text          0x00000000080007d0      0x1b0 /usr/lib/gcc/arm-none-eabi/6.3.1/../../../arm-none-eabi/lib/thumb/v7e-m/fpv4-sp/hard/libg_nano.a(lib_a-fflush.o)
                0x00000000080007d0                __sflush_r
                0x00000000080008f8                _fflush_r
                0x000000000800095c                fflush
 .text          0x0000000008000980      0x230 /usr/lib/gcc/arm-none-eabi/6.3.1/../../../arm-none-eabi/lib/thumb/v7e-m/fpv4-sp/hard/libg_nano.a(lib_a-findfp.o)
                0x0000000008000984                _cleanup_r
                0x0000000008000994                __sfmoreglue
                0x00000000080009c4                __sfp
                0x0000000008000b5c                _cleanup
                0x0000000008000b70                __sinit
                0x0000000008000b78                __sfp_lock_acquire
                0x0000000008000b7c                __sfp_lock_release
                0x0000000008000b80                __sinit_lock_acquire
                0x0000000008000b84                __sinit_lock_release
                0x0000000008000b88                __fp_lock_all
                0x0000000008000b9c                __fp_unlock_all
 .text          0x0000000008000bb0       0xa0 /usr/lib/gcc/arm-none-eabi/6.3.1/../../../arm-none-eabi/lib/thumb/v7e-m/fpv4-sp/hard/libg_nano.a(lib_a-fwalk.o)
                0x0000000008000bb0                _fwalk
                0x0000000008000bfc                _fwalk_reent
 .text          0x0000000008000c50       0xe4 /usr/lib/gcc/arm-none-eabi/6.3.1/../../../arm-none-eabi/lib/thumb/v7e-m/fpv4-sp/hard/libg_nano.a(lib_a-makebuf.o)
                0x0000000008000c50                __swhatbuf_r
                0x0000000008000cac                __smakebuf_r
 *fill*         0x0000000008000d34        0xc 
 .text          0x0000000008000d40       0x90 /usr/lib/gcc/arm-none-eabi/6.3.1/../../../arm-none-eabi/lib/thumb/v7e-m/fpv4-sp/hard/libg_nano.a(lib_a-nano-freer.o)
                0x0000000008000d40                _free_r
 .text          0x0000000008000dd0       0xbc /usr/lib/gcc/arm-none-eabi/6.3.1/../../../arm-none-eabi/lib/thumb/v7e-m/fpv4-sp/hard/libg_nano.a(lib_a-nano-mallocr.o)
                0x0000000008000dd0                _malloc_r
 *fill*         0x0000000008000e8c        0x4 
 .text          0x0000000008000e90      0x2f8 /usr/lib/gcc/arm-none-eabi/6.3.1/../../../arm-none-eabi/lib/thumb/v7e-m/fpv4-sp/hard/libg_nano.a(lib_a-nano-vfprintf.o)
                0x0000000008000ec4                __sfputs_r
                0x0000000008000ef0                __sprint_r
                0x0000000008000f0c                _vfiprintf_r
                0x0000000008000f0c                _vfprintf_r
                0x0000000008001170                vfiprintf
                0x0000000008001170                vfprintf
 *fill*         0x0000000008001188        0x8 
 .text          0x0000000008001190      0x3d4 /usr/lib/gcc/arm-none-eabi/6.3.1/../../../arm-none-eabi/lib/thumb/v7e-m/fpv4-sp/hard/libg_nano.a(lib_a-nano-vfprintf_i.o)
                0x0000000008001190                _printf_common
                0x00000000080012c4                _printf_i
 *fill*         0x0000000008001564        0xc 
 .text          0x0000000008001570       0x8c /usr/lib/gcc/arm-none-eabi/6.3.1/../../../arm-none-eabi/lib/thumb/v7e-m/fpv4-sp/hard/libg_nano.a(lib_a-stdio.o)
                0x0000000008001570                __sread
                0x0000000008001594                __seofread
                0x0000000008001598                __swrite
                0x00000000080015d4                __sseek
                0x00000000080015f4                __sclose
 *fill*         0x00000000080015fc        0x4 
 .text          0x0000000008001600      0x2f0 /usr/lib/gcc/arm-none-eabi/6.3.1/../../../arm-none-eabi/lib/thumb/v7e-m/fpv4-sp/hard/libg_nano.a(lib_a-fvwrite.o)
                0x0000000008001600                __sfvwrite_r
 .text          0x00000000080018f0       0xa0 /usr/lib/gcc/arm-none-eabi/6.3.1/../../../arm-none-eabi/lib/thumb/v7e-m/fpv4-sp/hard/libg_nano.a(lib_a-memchr.o)
                0x00000000080018f0                memchr
 .text          0x0000000008001990       0xc8 /usr/lib/gcc/arm-none-eabi/6.3.1/../../../arm-none-eabi/lib/thumb/v7e-m/fpv4-sp/hard/libg_nano.a(lib_a-memmove.o)
                0x0000000008001990                memmove
 *fill*         0x0000000008001a58        0x8 
 .text          0x0000000008001a60       0x50 /usr/lib/gcc/arm-none-eabi/6.3.1/../../../arm-none-eabi/lib/thumb/v7e-m/fpv4-sp/hard/libg_nano.a(lib_a-nano-reallocr.o)
                0x0000000008001a60                _realloc_r
 .text          0x0000000008001ab0       0x14 /usr/lib/gcc/arm-none-eabi/6.3.1/../../../arm-none-eabi/lib/thumb/v7e-m/fpv4-sp/hard/libg_nano.a(lib_a-nano-msizer.o)
                0x0000000008001ab0                _malloc_usable_size_r
 *(.text.*)
 *fill*         0x0000000008001ac4        0xc 
 .text.Thread_blink
                0x0000000008001ad0       0x64 o/src/main.o
 *fill*         0x0000000008001b34        0xc 
 .text.Thread_uart
                0x0000000008001b40       0xfc o/src/main.o
 *fill*         0x0000000008001c3c        0x4 
 .text.main1    0x0000000008001c40       0x64 o/src/main.o
                0x0000000008001c40                main1
 *fill*         0x0000000008001ca4        0xc 
 .text.MX_RTC_Init
                0x0000000008001cb0       0x8c o/cube/nucleo-f410-bsp1/Src/rtc.o
                0x0000000008001cb0                MX_RTC_Init
 *fill*         0x0000000008001d3c        0x4 
 .text.HAL_RTC_MspInit
                0x0000000008001d40       0x1c o/cube/nucleo-f410-bsp1/Src/rtc.o
                0x0000000008001d40                HAL_RTC_MspInit
 *fill*         0x0000000008001d5c        0x4 
 .text.HAL_MspInit
                0x0000000008001d60       0x18 o/cube/nucleo-f410-bsp1/Src/stm32f4xx_hal_msp.o
                0x0000000008001d60                HAL_MspInit
 *fill*         0x0000000008001d78        0x8 
 .text.MX_GPIO_Init
                0x0000000008001d80       0xe0 o/cube/nucleo-f410-bsp1/Src/gpio.o
                0x0000000008001d80                MX_GPIO_Init
 .text.MX_DMA_Init
                0x0000000008001e60       0x34 o/cube/nucleo-f410-bsp1/Src/dma.o
                0x0000000008001e60                MX_DMA_Init
 *fill*         0x0000000008001e94        0xc 
 .text.MX_USART2_UART_Init
                0x0000000008001ea0       0x30 o/cube/nucleo-f410-bsp1/Src/usart.o
                0x0000000008001ea0                MX_USART2_UART_Init
 .text.HAL_UART_MspInit
                0x0000000008001ed0       0x98 o/cube/nucleo-f410-bsp1/Src/usart.o
                0x0000000008001ed0                HAL_UART_MspInit
 *fill*         0x0000000008001f68        0x8 
 .text.SystemClock_Config
                0x0000000008001f70       0xbc o/cube/nucleo-f410-bsp1/Src/cube_main.o
                0x0000000008001f70                SystemClock_Config
 *fill*         0x000000000800202c        0x4 
 .text.startup.main
                0x0000000008002030       0x20 o/cube/nucleo-f410-bsp1/Src/cube_main.o
                0x0000000008002030                main
 .text.SystemInit
                0x0000000008002050       0x50 o/lib/CMSIS-hal/Device/ST/STM32F4xx/Source/Templates/system_stm32f4xx.o
                0x0000000008002050                SystemInit
 .text.__late_init
                0x00000000080020a0        0x4 o/port/chibios/chi_sthal_wrapper.o
                0x00000000080020a0                __late_init
 *fill*         0x00000000080020a4        0xc 
 .text.SysTick_Handler
                0x00000000080020b0       0x20 o/port/chibios/chi_sthal_wrapper.o
                0x00000000080020b0                SysTick_Handler
 .text._read_r  0x00000000080020d0        0xc o/src/simple-bsp/syscalls.o
                0x00000000080020d0                _read_r
 *fill*         0x00000000080020dc        0x4 
 .text._lseek_r
                0x00000000080020e0        0x4 o/src/simple-bsp/syscalls.o
                0x00000000080020e0                _lseek_r
 *fill*         0x00000000080020e4        0xc 
 .text._write_r
                0x00000000080020f0       0x10 o/src/simple-bsp/syscalls.o
                0x00000000080020f0                _write_r
 .text._close_r
                0x0000000008002100        0x4 o/src/simple-bsp/syscalls.o
                0x0000000008002100                _close_r
 *fill*         0x0000000008002104        0xc 
 .text._sbrk_r  0x0000000008002110       0x18 o/src/simple-bsp/syscalls.o
                0x0000000008002110                _sbrk_r
 *fill*         0x0000000008002128        0x8 
 .text._fstat_r
                0x0000000008002130       0x10 o/src/simple-bsp/syscalls.o
                0x0000000008002130                _fstat_r
 .text._isatty_r
                0x0000000008002140        0x4 o/src/simple-bsp/syscalls.o
                0x0000000008002140                _isatty_r
 *fill*         0x0000000008002144        0xc 
 .text.init_USART2
                0x0000000008002150       0x68 o/src/simple-bsp/usart2.o
                0x0000000008002150                init_USART2
 *fill*         0x00000000080021b8        0x8 
 .text.SendDataUSART2
                0x00000000080021c0       0xe8 o/src/simple-bsp/usart2.o
                0x00000000080021c0                SendDataUSART2
 *fill*         0x00000000080022a8        0x8 
 .text.Vector84
                0x00000000080022b0       0x5c o/src/simple-bsp/usart2.o
                0x00000000080022b0                Vector84
 *fill*         0x000000000800230c        0x4 
 .text.VectorD8
                0x0000000008002310       0x68 o/src/simple-bsp/usart2.o
                0x0000000008002310                VectorD8
 *fill*         0x0000000008002378        0x8 
 .text.HAL_RCCEx_PeriphCLKConfig
                0x0000000008002380      0x138 a/libstm32f4xxhal.a(stm32f4xx_hal_rcc_ex.o)
                0x0000000008002380                HAL_RCCEx_PeriphCLKConfig
 *fill*         0x00000000080024b8        0x8 
 .text.HAL_RCC_OscConfig
                0x00000000080024c0      0x36c a/libstm32f4xxhal.a(stm32f4xx_hal_rcc_ex.o)
                0x00000000080024c0                HAL_RCC_OscConfig
 *fill*         0x000000000800282c        0x4 
 .text.HAL_InitTick
                0x0000000008002830       0x28 a/libstm32f4xxhal.a(stm32f4xx_hal.o)
                0x0000000008002830                HAL_InitTick
 *fill*         0x0000000008002858        0x8 
 .text.HAL_Init
                0x0000000008002860       0x34 a/libstm32f4xxhal.a(stm32f4xx_hal.o)
                0x0000000008002860                HAL_Init
 *fill*         0x0000000008002894        0xc 
 .text.HAL_IncTick
                0x00000000080028a0       0x10 a/libstm32f4xxhal.a(stm32f4xx_hal.o)
                0x00000000080028a0                HAL_IncTick
 .text.HAL_GetTick
                0x00000000080028b0        0xc a/libstm32f4xxhal.a(stm32f4xx_hal.o)
                0x00000000080028b0                HAL_GetTick
 *fill*         0x00000000080028bc        0x4 
 .text.UART_SetConfig
                0x00000000080028c0      0x2e8 a/libstm32f4xxhal.a(stm32f4xx_hal_uart.o)
                0x00000000080028c0                UART_SetConfig
 *fill*         0x0000000008002ba8        0x8 
 .text.HAL_UART_Init
                0x0000000008002bb0       0x64 a/libstm32f4xxhal.a(stm32f4xx_hal_uart.o)
                0x0000000008002bb0                HAL_UART_Init
 *fill*         0x0000000008002c14        0xc 
 .text.HAL_GPIO_Init
                0x0000000008002c20      0x1a0 a/libstm32f4xxhal.a(stm32f4xx_hal_gpio.o)
                0x0000000008002c20                HAL_GPIO_Init
 .text.HAL_GPIO_WritePin
                0x0000000008002dc0        0x8 a/libstm32f4xxhal.a(stm32f4xx_hal_gpio.o)
                0x0000000008002dc0                HAL_GPIO_WritePin
 *fill*         0x0000000008002dc8        0x8 
 .text.HAL_NVIC_SetPriorityGrouping
                0x0000000008002dd0       0x24 a/libstm32f4xxhal.a(stm32f4xx_hal_cortex.o)
                0x0000000008002dd0                HAL_NVIC_SetPriorityGrouping
 *fill*         0x0000000008002df4        0xc 
 .text.HAL_NVIC_SetPriority
                0x0000000008002e00       0x6c a/libstm32f4xxhal.a(stm32f4xx_hal_cortex.o)
                0x0000000008002e00                HAL_NVIC_SetPriority
 *fill*         0x0000000008002e6c        0x4 
 .text.HAL_NVIC_EnableIRQ
                0x0000000008002e70       0x18 a/libstm32f4xxhal.a(stm32f4xx_hal_cortex.o)
                0x0000000008002e70                HAL_NVIC_EnableIRQ
 *fill*         0x0000000008002e88        0x8 
 .text.HAL_SYSTICK_Config
                0x0000000008002e90       0x34 a/libstm32f4xxhal.a(stm32f4xx_hal_cortex.o)
                0x0000000008002e90                HAL_SYSTICK_Config
 *fill*         0x0000000008002ec4        0xc 
 .text.HAL_SYSTICK_CLKSourceConfig
                0x0000000008002ed0       0x18 a/libstm32f4xxhal.a(stm32f4xx_hal_cortex.o)
                0x0000000008002ed0                HAL_SYSTICK_CLKSourceConfig
 *fill*         0x0000000008002ee8        0x8 
 .text.HAL_DMA_Init
                0x0000000008002ef0       0xa8 a/libstm32f4xxhal.a(stm32f4xx_hal_dma.o)
                0x0000000008002ef0                HAL_DMA_Init
 *fill*         0x0000000008002f98        0x8 
 .text.HAL_RTC_Init
                0x0000000008002fa0       0xc0 a/libstm32f4xxhal.a(stm32f4xx_hal_rtc.o)
                0x0000000008002fa0                HAL_RTC_Init
 .text.HAL_RTC_SetTime
                0x0000000008003060      0x18c a/libstm32f4xxhal.a(stm32f4xx_hal_rtc.o)
                0x0000000008003060                HAL_RTC_SetTime
 *fill*         0x00000000080031ec        0x4 
 .text.HAL_RTC_SetDate
                0x00000000080031f0      0x14c a/libstm32f4xxhal.a(stm32f4xx_hal_rtc.o)
                0x00000000080031f0                HAL_RTC_SetDate
 *fill*         0x000000000800333c        0x4 
 .text.HAL_RTC_SetAlarm
                0x0000000008003340      0x1e8 a/libstm32f4xxhal.a(stm32f4xx_hal_rtc.o)
                0x0000000008003340                HAL_RTC_SetAlarm
 *fill*         0x0000000008003528        0x8 
 .text.HAL_RCC_ClockConfig
                0x0000000008003530      0x148 a/libstm32f4xxhal.a(stm32f4xx_hal_rcc.o)
                0x0000000008003530                HAL_RCC_ClockConfig
 *fill*         0x0000000008003678        0x8 
 .text.HAL_RCC_GetSysClockFreq
                0x0000000008003680       0x74 a/libstm32f4xxhal.a(stm32f4xx_hal_rcc.o)
                0x0000000008003680                HAL_RCC_GetSysClockFreq
 *fill*         0x00000000080036f4        0xc 
 .text.HAL_RCC_GetHCLKFreq
                0x0000000008003700       0x34 a/libstm32f4xxhal.a(stm32f4xx_hal_rcc.o)
                0x0000000008003700                HAL_RCC_GetHCLKFreq
 *fill*         0x0000000008003734        0xc 
 .text.HAL_RCC_GetPCLK1Freq
                0x0000000008003740       0x4c a/libstm32f4xxhal.a(stm32f4xx_hal_rcc.o)
                0x0000000008003740                HAL_RCC_GetPCLK1Freq
 *fill*         0x000000000800378c        0x4 
 .text.HAL_RCC_GetPCLK2Freq
                0x0000000008003790       0x4c a/libstm32f4xxhal.a(stm32f4xx_hal_rcc.o)
                0x0000000008003790                HAL_RCC_GetPCLK2Freq
 *fill*         0x00000000080037dc        0x4 
 .text._idle_thread
                0x00000000080037e0        0x4 a/libchibios-16.1.4-kernel.a(chsys.o)
 *fill*         0x00000000080037e4        0xc 
 .text.chSysInit
                0x00000000080037f0       0xa0 a/libchibios-16.1.4-kernel.a(chsys.o)
                0x00000000080037f0                chSysInit
 .text.chSysTimerHandlerI
                0x0000000008003890       0x54 a/libchibios-16.1.4-kernel.a(chsys.o)
                0x0000000008003890                chSysTimerHandlerI
 *fill*         0x00000000080038e4        0xc 
 .text._vt_init
                0x00000000080038f0       0x1c a/libchibios-16.1.4-kernel.a(chvt.o)
                0x00000000080038f0                _vt_init
 *fill*         0x000000000800390c        0x4 
 .text.chVTDoSetI
                0x0000000008003910       0x3c a/libchibios-16.1.4-kernel.a(chvt.o)
                0x0000000008003910                chVTDoSetI
 *fill*         0x000000000800394c        0x4 
 .text.chVTDoResetI
                0x0000000008003950       0x30 a/libchibios-16.1.4-kernel.a(chvt.o)
                0x0000000008003950                chVTDoResetI
 .text.wakeup   0x0000000008003980       0x70 a/libchibios-16.1.4-kernel.a(chschd.o)
 .text._scheduler_init
                0x00000000080039f0       0x14 a/libchibios-16.1.4-kernel.a(chschd.o)
                0x00000000080039f0                _scheduler_init
 *fill*         0x0000000008003a04        0xc 
 .text.chSchReadyI
                0x0000000008003a10       0x2c a/libchibios-16.1.4-kernel.a(chschd.o)
                0x0000000008003a10                chSchReadyI
 *fill*         0x0000000008003a3c        0x4 
 .text.chSchGoSleepS
                0x0000000008003a40       0x28 a/libchibios-16.1.4-kernel.a(chschd.o)
                0x0000000008003a40                chSchGoSleepS
 *fill*         0x0000000008003a68        0x8 
 .text.chSchGoSleepTimeoutS
                0x0000000008003a70       0x70 a/libchibios-16.1.4-kernel.a(chschd.o)
                0x0000000008003a70                chSchGoSleepTimeoutS
 .text.chSchWakeupS
                0x0000000008003ae0       0x58 a/libchibios-16.1.4-kernel.a(chschd.o)
                0x0000000008003ae0                chSchWakeupS
 *fill*         0x0000000008003b38        0x8 
 .text.chSchRescheduleS
                0x0000000008003b40       0x4c a/libchibios-16.1.4-kernel.a(chschd.o)
                0x0000000008003b40                chSchRescheduleS
 *fill*         0x0000000008003b8c        0x4 
 .text.chSchIsPreemptionRequired
                0x0000000008003b90       0x28 a/libchibios-16.1.4-kernel.a(chschd.o)
                0x0000000008003b90                chSchIsPreemptionRequired
 *fill*         0x0000000008003bb8        0x8 
 .text.chSchDoReschedule
                0x0000000008003bc0       0x60 a/libchibios-16.1.4-kernel.a(chschd.o)
                0x0000000008003bc0                chSchDoReschedule
 .text._thread_init
                0x0000000008003c20       0x38 a/libchibios-16.1.4-kernel.a(chthreads.o)
                0x0000000008003c20                _thread_init
 *fill*         0x0000000008003c58        0x8 
 .text.chThdCreateStatic
                0x0000000008003c60       0x64 a/libchibios-16.1.4-kernel.a(chthreads.o)
                0x0000000008003c60                chThdCreateStatic
 *fill*         0x0000000008003cc4        0xc 
 .text.chThdSetPriority
                0x0000000008003cd0       0x34 a/libchibios-16.1.4-kernel.a(chthreads.o)
                0x0000000008003cd0                chThdSetPriority
 *fill*         0x0000000008003d04        0xc 
 .text.chThdSleep
                0x0000000008003d10       0x18 a/libchibios-16.1.4-kernel.a(chthreads.o)
                0x0000000008003d10                chThdSleep
 *fill*         0x0000000008003d28        0x8 
 .text.chThdExit
                0x0000000008003d30       0x48 a/libchibios-16.1.4-kernel.a(chthreads.o)
                0x0000000008003d30                chThdExit
 *fill*         0x0000000008003d78        0x8 
 .text.chMtxObjectInit
                0x0000000008003d80        0xc a/libchibios-16.1.4-kernel.a(chmtx.o)
                0x0000000008003d80                chMtxObjectInit
 *fill*         0x0000000008003d8c        0x4 
 .text.chEvtSignalI
                0x0000000008003d90       0x28 a/libchibios-16.1.4-kernel.a(chevents.o)
                0x0000000008003d90                chEvtSignalI
 *fill*         0x0000000008003db8        0x8 
 .text.chEvtWaitAnyTimeout
                0x0000000008003dc0       0x48 a/libchibios-16.1.4-kernel.a(chevents.o)
                0x0000000008003dc0                chEvtWaitAnyTimeout
 *fill*         0x0000000008003e08        0x8 
 .text._core_init
                0x0000000008003e10       0x28 a/libchibios-16.1.4-kernel.a(chmemcore.o)
                0x0000000008003e10                _core_init
 *fill*         0x0000000008003e38        0x8 
 .text.chCoreAlloc
                0x0000000008003e40       0x38 a/libchibios-16.1.4-kernel.a(chmemcore.o)
                0x0000000008003e40                chCoreAlloc
 *fill*         0x0000000008003e78        0x8 
 .text._heap_init
                0x0000000008003e80       0x1c a/libchibios-16.1.4-kernel.a(chheap.o)
                0x0000000008003e80                _heap_init
 *fill*         0x0000000008003e9c        0x4 
 .text.SVC_Handler
                0x0000000008003ea0       0x2c a/libchibios-16.1.4-kernel.a(chcore_v7m.o)
                0x0000000008003ea0                SVC_Handler
 *fill*         0x0000000008003ecc        0x4 
 .text._port_irq_epilogue
                0x0000000008003ed0       0x60 a/libchibios-16.1.4-kernel.a(chcore_v7m.o)
                0x0000000008003ed0                _port_irq_epilogue
 .text.__core_init
                0x0000000008003f30        0x4 a/libchibios-16.1.4-kernel.a(crt1.o)
                0x0000000008003f30                __core_init
 *fill*         0x0000000008003f34        0xc 
 .text.__early_init
                0x0000000008003f40        0x4 a/libchibios-16.1.4-kernel.a(crt1.o)
                0x0000000008003f40                __early_init
 *fill*         0x0000000008003f44        0xc 
 .text.__default_exit
                0x0000000008003f50        0x4 a/libchibios-16.1.4-kernel.a(crt1.o)
                0x0000000008003f50                __default_exit
 *fill*         0x0000000008003f54        0xc 
 .text.__init_ram_areas
                0x0000000008003f60       0x50 a/libchibios-16.1.4-kernel.a(crt1.o)
                0x0000000008003f60                __init_ram_areas
 .text._unhandled_exception
                0x0000000008003fb0        0x4 a/libchibios-16.1.4-kernel.a(vectors.o)
                0x0000000008003fb0                Vector58
                0x0000000008003fb0                Vector9C
                0x0000000008003fb0                VectorE8
                0x0000000008003fb0                VectorAC
                0x0000000008003fb0                DebugMon_Handler
                0x0000000008003fb0                Vector1A0
                0x0000000008003fb0                Vector5C
                0x0000000008003fb0                Vector11C
                0x0000000008003fb0                HardFault_Handler
                0x0000000008003fb0                Vector1B8
                0x0000000008003fb0                Vector19C
                0x0000000008003fb0                Vector8C
                0x0000000008003fb0                VectorDC
                0x0000000008003fb0                PendSV_Handler
                0x0000000008003fb0                Vector168
                0x0000000008003fb0                NMI_Handler
                0x0000000008003fb0                Vector110
                0x0000000008003fb0                Vector120
                0x0000000008003fb0                VectorC8
                0x0000000008003fb0                Vector94
                0x0000000008003fb0                VectorA8
                0x0000000008003fb0                VectorB4
                0x0000000008003fb0                Vector74
                0x0000000008003fb0                Vector160
                0x0000000008003fb0                Vector1B0
                0x0000000008003fb0                UsageFault_Handler
                0x0000000008003fb0                VectorEC
                0x0000000008003fb0                Vector40
                0x0000000008003fb0                VectorF8
                0x0000000008003fb0                Vector108
                0x0000000008003fb0                VectorBC
                0x0000000008003fb0                Vector190
                0x0000000008003fb0                Vector150
                0x0000000008003fb0                Vector124
                0x0000000008003fb0                Vector148
                0x0000000008003fb0                Vector188
                0x0000000008003fb0                Vector198
                0x0000000008003fb0                Vector118
                0x0000000008003fb0                Vector64
                0x0000000008003fb0                VectorCC
                0x0000000008003fb0                Vector54
                0x0000000008003fb0                Vector98
                0x0000000008003fb0                Vector138
                0x0000000008003fb0                Vector24
                0x0000000008003fb0                Vector1AC
                0x0000000008003fb0                Vector178
                0x0000000008003fb0                Vector1A4
                0x0000000008003fb0                VectorD0
                0x0000000008003fb0                Vector1B4
                0x0000000008003fb0                Vector140
                0x0000000008003fb0                VectorE4
                0x0000000008003fb0                VectorC0
                0x0000000008003fb0                Vector158
                0x0000000008003fb0                Vector130
                0x0000000008003fb0                Vector134
                0x0000000008003fb0                VectorF0
                0x0000000008003fb0                Vector12C
                0x0000000008003fb0                Vector13C
                0x0000000008003fb0                Vector100
                0x0000000008003fb0                VectorE0
                0x0000000008003fb0                VectorF4
                0x0000000008003fb0                MemManage_Handler
                0x0000000008003fb0                Vector6C
                0x0000000008003fb0                VectorA0
                0x0000000008003fb0                Vector7C
                0x0000000008003fb0                VectorC4
                0x0000000008003fb0                Vector180
                0x0000000008003fb0                VectorB0
                0x0000000008003fb0                Vector90
                0x0000000008003fb0                Vector114
                0x0000000008003fb0                Vector60
                0x0000000008003fb0                Vector164
                0x0000000008003fb0                Vector1C
                0x0000000008003fb0                Vector1BC
                0x0000000008003fb0                Vector17C
                0x0000000008003fb0                Vector48
                0x0000000008003fb0                Vector1A8
                0x0000000008003fb0                Vector16C
                0x0000000008003fb0                Vector70
                0x0000000008003fb0                VectorD4
                0x0000000008003fb0                Vector4C
                0x0000000008003fb0                Vector144
                0x0000000008003fb0                Vector80
                0x0000000008003fb0                Vector15C
                0x0000000008003fb0                Vector68
                0x0000000008003fb0                Vector78
                0x0000000008003fb0                _unhandled_exception
                0x0000000008003fb0                Vector170
                0x0000000008003fb0                Vector88
                0x0000000008003fb0                Vector104
                0x0000000008003fb0                Vector184
                0x0000000008003fb0                Vector10C
                0x0000000008003fb0                Vector14C
                0x0000000008003fb0                BusFault_Handler
                0x0000000008003fb0                Vector50
                0x0000000008003fb0                Vector194
                0x0000000008003fb0                Vector154
                0x0000000008003fb0                Vector44
                0x0000000008003fb0                Vector28
                0x0000000008003fb0                VectorB8
                0x0000000008003fb0                VectorFC
                0x0000000008003fb0                Vector34
                0x0000000008003fb0                Vector128
                0x0000000008003fb0                VectorA4
                0x0000000008003fb0                Vector20
                0x0000000008003fb0                Vector18C
                0x0000000008003fb0                Vector174
 *(.rodata)
 *fill*         0x0000000008003fb4        0xc 
 .rodata        0x0000000008003fc0        0x4 /usr/lib/gcc/arm-none-eabi/6.3.1/../../../arm-none-eabi/lib/thumb/v7e-m/fpv4-sp/hard/libg_nano.a(lib_a-impure.o)
                0x0000000008003fc0                _global_impure_ptr
 *fill*         0x0000000008003fc4        0xc 
 .rodata        0x0000000008003fd0       0x60 /usr/lib/gcc/arm-none-eabi/6.3.1/../../../arm-none-eabi/lib/thumb/v7e-m/fpv4-sp/hard/libg_nano.a(lib_a-findfp.o)
                0x0000000008003fd0                __sf_fake_stderr
                0x0000000008003ff0                __sf_fake_stdout
                0x0000000008004010                __sf_fake_stdin
 *(.rodata.*)
 .rodata.Thread_blink.str1.4
                0x0000000008004030       0x1a o/src/main.o
 *fill*         0x000000000800404a        0x6 
 .rodata.Thread_uart.str1.4
                0x0000000008004050       0x34 o/src/main.o
 *fill*         0x0000000008004084        0xc 
 .rodata.main1.str1.4
                0x0000000008004090       0x1f o/src/main.o
 *fill*         0x00000000080040af        0x1 
 .rodata.flagBitshiftOffset.8223
                0x00000000080040b0        0x8 a/libstm32f4xxhal.a(stm32f4xx_hal_dma.o)
 *fill*         0x00000000080040b8        0x8 
 .rodata.APBAHBPrescTable
                0x00000000080040c0       0x10 a/libstm32f4xxhal.a(stm32f4xx_hal_rcc.o)
                0x00000000080040c0                APBAHBPrescTable
 .rodata.chSysInit.str1.4
                0x00000000080040d0        0x5 a/libchibios-16.1.4-kernel.a(chsys.o)
 .rodata.ch_debug
                0x00000000080040d0       0x16 a/libchibios-16.1.4-kernel.a(chregistry.o)
                0x00000000080040d0                ch_debug
 *fill*         0x00000000080040e6        0xa 
 .rodata.ram_areas
                0x00000000080040f0       0x80 a/libchibios-16.1.4-kernel.a(crt1.o)
 .rodata.str1.4
                0x0000000008004170        0x2 /usr/lib/gcc/arm-none-eabi/6.3.1/../../../arm-none-eabi/lib/thumb/v7e-m/fpv4-sp/hard/libg_nano.a(lib_a-impure.o)
 *fill*         0x0000000008004172        0xe 
 .rodata.str1.4
                0x0000000008004180       0x13 /usr/lib/gcc/arm-none-eabi/6.3.1/../../../arm-none-eabi/lib/thumb/v7e-m/fpv4-sp/hard/libg_nano.a(lib_a-nano-vfprintf.o)
 *fill*         0x0000000008004193        0xd 
 .rodata.str1.4
                0x00000000080041a0       0x28 /usr/lib/gcc/arm-none-eabi/6.3.1/../../../arm-none-eabi/lib/thumb/v7e-m/fpv4-sp/hard/libg_nano.a(lib_a-nano-vfprintf_i.o)
                                         0x25 (size before relaxing)
 *(.glue_7t)
 .glue_7t       0x00000000080041c8        0x0 linker stubs
 *(.glue_7)
 .glue_7        0x00000000080041c8        0x0 linker stubs
 *(.gcc*)

.vfp11_veneer   0x00000000080041c8        0x0
 .vfp11_veneer  0x00000000080041c8        0x0 linker stubs

.v4_bx          0x00000000080041c8        0x0
 .v4_bx         0x00000000080041c8        0x0 linker stubs

.iplt           0x00000000080041c8        0x0
 .iplt          0x00000000080041c8        0x0 o/src/main.o

.rel.dyn        0x00000000080041c8        0x0
 .rel.iplt      0x00000000080041c8        0x0 o/src/main.o

.ARM.extab
 *(.ARM.extab* .gnu.linkonce.armextab.*)

.ARM.exidx      0x00000000080041c8        0x0
                0x00000000080041c8                __exidx_start = .
 *(.ARM.exidx* .gnu.linkonce.armexidx.*)
                0x00000000080041c8                __exidx_end = .

.eh_frame_hdr
 *(.eh_frame_hdr)

.eh_frame
 *(.eh_frame)

.textalign      0x00000000080041c8        0x0
                0x00000000080041c8                . = ALIGN (0x8)
                0x00000000080041c8                . = ALIGN (0x4)
                [!provide]                        PROVIDE (_etext, .)

.mstack         0x0000000020000000      0x400
                0x0000000020000000                . = ALIGN (0x8)
                0x0000000020000000                __main_stack_base__ = .
                0x0000000020000400                . = (. + __main_stack_size__)
 *fill*         0x0000000020000000      0x400 
                0x0000000020000400                . = ALIGN (0x8)
                0x0000000020000400                __main_stack_end__ = .

.pstack         0x0000000020000400      0x400
                0x0000000020000400                __process_stack_base__ = .
                0x0000000020000400                __main_thread_stack_base__ = .
                0x0000000020000800                . = (. + __process_stack_size__)
 *fill*         0x0000000020000400      0x400 
                0x0000000020000800                . = ALIGN (0x8)
                0x0000000020000800                __process_stack_end__ = .
                0x0000000020000800                __main_thread_stack_end__ = .

.data           0x0000000020000800       0x68 load address 0x00000000080041c8
                0x0000000020000800                . = ALIGN (0x4)
                [!provide]                        PROVIDE (_textdata, LOADADDR (.data))
                [!provide]                        PROVIDE (_data, .)
                0x00000000080041c8                _textdata_start = LOADADDR (.data)
                0x0000000020000800                _data_start = .
 *(.data)
 .data          0x0000000020000800       0x64 /usr/lib/gcc/arm-none-eabi/6.3.1/../../../arm-none-eabi/lib/thumb/v7e-m/fpv4-sp/hard/libg_nano.a(lib_a-impure.o)
                0x0000000020000800                _impure_ptr
 *(.data.*)
 .data.SystemCoreClock
                0x0000000020000864        0x4 o/lib/CMSIS-hal/Device/ST/STM32F4xx/Source/Templates/system_stm32f4xx.o
                0x0000000020000864                SystemCoreClock
 *(.ramtext)
                0x0000000020000868                . = ALIGN (0x4)
                [!provide]                        PROVIDE (_edata, .)
                0x0000000020000868                _data_end = .

.igot.plt       0x0000000020000868        0x0 load address 0x0000000008004230
 .igot.plt      0x0000000020000868        0x0 o/src/main.o

.bss            0x0000000020000868      0xc78 load address 0x0000000008004230
                0x0000000020000868                . = ALIGN (0x4)
                0x0000000020000868                _bss_start = .
 *(.bss)
 .bss           0x0000000020000868        0x8 /usr/lib/gcc/arm-none-eabi/6.3.1/../../../arm-none-eabi/lib/thumb/v7e-m/fpv4-sp/hard/libg_nano.a(lib_a-nano-mallocr.o)
                0x0000000020000868                __malloc_free_list
                0x000000002000086c                __malloc_sbrk_start
 *(.bss.*)
 .bss.s         0x0000000020000870       0x80 o/src/main.o
                0x0000000020000870                s
 .bss.waThread_blink
                0x00000000200008f0      0x1d0 o/src/main.o
 .bss.waThread_uart
                0x0000000020000ac0      0x550 o/src/main.o
 .bss.hrtc      0x0000000020001010       0x20 o/cube/nucleo-f410-bsp1/Src/rtc.o
                0x0000000020001010                hrtc
 .bss.hdma_usart2_tx
                0x0000000020001030       0x58 o/cube/nucleo-f410-bsp1/Src/usart.o
                0x0000000020001030                hdma_usart2_tx
 .bss.huart2    0x0000000020001088       0x40 o/cube/nucleo-f410-bsp1/Src/usart.o
                0x0000000020001088                huart2
 .bss.USART2_t  0x00000000200010c8        0x4 o/src/simple-bsp/usart2.o
 .bss.rxbp2     0x00000000200010cc        0x2 o/src/simple-bsp/usart2.o
                0x00000000200010cc                rxbp2
 *fill*         0x00000000200010ce        0x2 
 .bss.rxbuf2    0x00000000200010d0      0x100 o/src/simple-bsp/usart2.o
                0x00000000200010d0                rxbuf2
 .bss.rxidl2    0x00000000200011d0        0x2 o/src/simple-bsp/usart2.o
                0x00000000200011d0                rxidl2
 .bss.rxrp2     0x00000000200011d2        0x2 o/src/simple-bsp/usart2.o
                0x00000000200011d2                rxrp2
 .bss.txbuf2    0x00000000200011d4      0x100 o/src/simple-bsp/usart2.o
                0x00000000200011d4                txbuf2
 .bss.txr2      0x00000000200012d4        0x2 o/src/simple-bsp/usart2.o
                0x00000000200012d4                txr2
 *fill*         0x00000000200012d6        0x2 
 .bss.uwTick    0x00000000200012d8        0x4 a/libstm32f4xxhal.a(stm32f4xx_hal.o)
                0x00000000200012d8                uwTick
 *fill*         0x00000000200012dc        0x4 
 .bss.ch        0x00000000200012e0      0x1d8 a/libchibios-16.1.4-kernel.a(chschd.o)
                0x00000000200012e0                ch
 .bss.endmem    0x00000000200014b8        0x4 a/libchibios-16.1.4-kernel.a(chmemcore.o)
 .bss.nextmem   0x00000000200014bc        0x4 a/libchibios-16.1.4-kernel.a(chmemcore.o)
 .bss.default_heap
                0x00000000200014c0       0x20 a/libchibios-16.1.4-kernel.a(chheap.o)
 *(COMMON)
                0x00000000200014e0                . = ALIGN (0x4)
                0x00000000200014e0                _bss_end = .
                [!provide]                        PROVIDE (end, .)

.ram0_init      0x00000000200014e0        0x0 load address 0x0000000008004230
                0x00000000200014e0                . = ALIGN (0x4)
                0x0000000008004230                __ram0_init_text__ = LOADADDR (.ram0_init)
                0x00000000200014e0                __ram0_init__ = .
 *(.ram0_init)
 *(.ram0_init.*)
                0x00000000200014e0                . = ALIGN (0x4)

.ram0           0x00000000200014e0        0x0 load address 0x0000000008004230
                0x00000000200014e0                . = ALIGN (0x4)
                0x00000000200014e0                __ram0_clear__ = .
 *(.ram0_clear)
 *(.ram0_clear.*)
                0x00000000200014e0                . = ALIGN (0x4)
                0x00000000200014e0                __ram0_noinit__ = .
 *(.ram0)
 *(.ram0.*)
                0x00000000200014e0                . = ALIGN (0x4)
                0x00000000200014e0                __ram0_free__ = .

.ram1_init      0x0000000000000000        0x0 load address 0x0000000008004230
                0x0000000000000000                . = ALIGN (0x4)
                0x0000000008004230                __ram1_init_text__ = LOADADDR (.ram1_init)
                0x0000000000000000                __ram1_init__ = .
 *(.ram1_init)
 *(.ram1_init.*)
                0x0000000000000000                . = ALIGN (0x4)

.ram1           0x0000000000000000        0x0 load address 0x0000000008004230
                0x0000000000000000                . = ALIGN (0x4)
                0x0000000000000000                __ram1_clear__ = .
 *(.ram1_clear)
 *(.ram1_clear.*)
                0x0000000000000000                . = ALIGN (0x4)
                0x0000000000000000                __ram1_noinit__ = .
 *(.ram1)
 *(.ram1.*)
                0x0000000000000000                . = ALIGN (0x4)
                0x0000000000000000                __ram1_free__ = .

.ram2_init      0x0000000000000000        0x0 load address 0x0000000008004230
                0x0000000000000000                . = ALIGN (0x4)
                0x0000000008004230                __ram2_init_text__ = LOADADDR (.ram2_init)
                0x0000000000000000                __ram2_init__ = .
 *(.ram2_init)
 *(.ram2_init.*)
                0x0000000000000000                . = ALIGN (0x4)

.ram2           0x0000000000000000        0x0 load address 0x0000000008004230
                0x0000000000000000                . = ALIGN (0x4)
                0x0000000000000000                __ram2_clear__ = .
 *(.ram2_clear)
 *(.ram2_clear.*)
                0x0000000000000000                . = ALIGN (0x4)
                0x0000000000000000                __ram2_noinit__ = .
 *(.ram2)
 *(.ram2.*)
                0x0000000000000000                . = ALIGN (0x4)
                0x0000000000000000                __ram2_free__ = .

.ram3_init      0x0000000000000000        0x0 load address 0x0000000008004230
                0x0000000000000000                . = ALIGN (0x4)
                0x0000000008004230                __ram3_init_text__ = LOADADDR (.ram3_init)
                0x0000000000000000                __ram3_init__ = .
 *(.ram3_init)
 *(.ram3_init.*)
                0x0000000000000000                . = ALIGN (0x4)

.ram3           0x0000000000000000        0x0 load address 0x0000000008004230
                0x0000000000000000                . = ALIGN (0x4)
                0x0000000000000000                __ram3_clear__ = .
 *(.ram3_clear)
 *(.ram3_clear.*)
                0x0000000000000000                . = ALIGN (0x4)
                0x0000000000000000                __ram3_noinit__ = .
 *(.ram3)
 *(.ram3.*)
                0x0000000000000000                . = ALIGN (0x4)
                0x0000000000000000                __ram3_free__ = .

.ram4_init      0x0000000000000000        0x0 load address 0x0000000008004230
                0x0000000000000000                . = ALIGN (0x4)
                0x0000000008004230                __ram4_init_text__ = LOADADDR (.ram4_init)
                0x0000000000000000                __ram4_init__ = .
 *(.ram4_init)
 *(.ram4_init.*)
                0x0000000000000000                . = ALIGN (0x4)

.ram4           0x0000000000000000        0x0 load address 0x0000000008004230
                0x0000000000000000                . = ALIGN (0x4)
                0x0000000000000000                __ram4_clear__ = .
 *(.ram4_clear)
 *(.ram4_clear.*)
                0x0000000000000000                . = ALIGN (0x4)
                0x0000000000000000                __ram4_noinit__ = .
 *(.ram4)
 *(.ram4.*)
                0x0000000000000000                . = ALIGN (0x4)
                0x0000000000000000                __ram4_free__ = .

.ram5_init      0x0000000000000000        0x0 load address 0x0000000008004230
                0x0000000000000000                . = ALIGN (0x4)
                0x0000000008004230                __ram5_init_text__ = LOADADDR (.ram5_init)
                0x0000000000000000                __ram5_init__ = .
 *(.ram5_init)
 *(.ram5_init.*)
                0x0000000000000000                . = ALIGN (0x4)

.ram5           0x0000000000000000        0x0 load address 0x0000000008004230
                0x0000000000000000                . = ALIGN (0x4)
                0x0000000000000000                __ram5_clear__ = .
 *(.ram5_clear)
 *(.ram5_clear.*)
                0x0000000000000000                . = ALIGN (0x4)
                0x0000000000000000                __ram5_noinit__ = .
 *(.ram5)
 *(.ram5.*)
                0x0000000000000000                . = ALIGN (0x4)
                0x0000000000000000                __ram5_free__ = .

.ram6_init      0x0000000000000000        0x0 load address 0x0000000008004230
                0x0000000000000000                . = ALIGN (0x4)
                0x0000000008004230                __ram6_init_text__ = LOADADDR (.ram6_init)
                0x0000000000000000                __ram6_init__ = .
 *(.ram6_init)
 *(.ram6_init.*)
                0x0000000000000000                . = ALIGN (0x4)

.ram6           0x0000000000000000        0x0 load address 0x0000000008004230
                0x0000000000000000                . = ALIGN (0x4)
                0x0000000000000000                __ram6_clear__ = .
 *(.ram6_clear)
 *(.ram6_clear.*)
                0x0000000000000000                . = ALIGN (0x4)
                0x0000000000000000                __ram6_noinit__ = .
 *(.ram6)
 *(.ram6.*)
                0x0000000000000000                . = ALIGN (0x4)
                0x0000000000000000                __ram6_free__ = .

.ram7_init      0x0000000000000000        0x0 load address 0x0000000008004230
                0x0000000000000000                . = ALIGN (0x4)
                0x0000000008004230                __ram7_init_text__ = LOADADDR (.ram7_init)
                0x0000000000000000                __ram7_init__ = .
 *(.ram7_init)
 *(.ram7_init.*)
                0x0000000000000000                . = ALIGN (0x4)

.ram7           0x0000000000000000        0x0 load address 0x0000000008004230
                0x0000000000000000                . = ALIGN (0x4)
                0x0000000000000000                __ram7_clear__ = .
 *(.ram7_clear)
 *(.ram7_clear.*)
                0x0000000000000000                . = ALIGN (0x4)
                0x0000000000000000                __ram7_noinit__ = .
 *(.ram7)
 *(.ram7.*)
                0x0000000000000000                . = ALIGN (0x4)
                0x0000000000000000                __ram7_free__ = .

.heap           0x00000000200014e0     0x6b20
                0x00000000200014e0                . = ALIGN (0x8)
                0x00000000200014e0                __heap_base__ = .
                0x0000000020008000                . = (ORIGIN (HEAP_RAM) + LENGTH (HEAP_RAM))
 *fill*         0x00000000200014e0     0x6b20 
                0x0000000020008000                __heap_end__ = .
OUTPUT(nucleo-f410-bsp1.out elf32-littlearm)

.debug_info     0x0000000000000000    0x3519b
 .debug_info    0x0000000000000000     0x14cc o/src/main.o
 .debug_info    0x00000000000014cc      0xe7e o/cube/nucleo-f410-bsp1/Src/rtc.o
 .debug_info    0x000000000000234a      0xa9e o/cube/nucleo-f410-bsp1/Src/stm32f4xx_hal_msp.o
 .debug_info    0x0000000000002de8      0xcc9 o/cube/nucleo-f410-bsp1/Src/gpio.o
 .debug_info    0x0000000000003ab1      0xc4e o/cube/nucleo-f410-bsp1/Src/dma.o
 .debug_info    0x00000000000046ff     0x12f1 o/cube/nucleo-f410-bsp1/Src/usart.o
 .debug_info    0x00000000000059f0     0x16ed o/cube/nucleo-f410-bsp1/Src/cube_main.o
 .debug_info    0x00000000000070dd      0xccb o/lib/CMSIS-hal/Device/ST/STM32F4xx/Source/Templates/system_stm32f4xx.o
 .debug_info    0x0000000000007da8     0x1181 o/port/chibios/chi_sthal_wrapper.o
 .debug_info    0x0000000000008f29     0x14ea o/src/simple-bsp/syscalls.o
 .debug_info    0x000000000000a413     0x1903 o/src/simple-bsp/usart2.o
 .debug_info    0x000000000000bd16     0x10be a/libstm32f4xxhal.a(stm32f4xx_hal_rcc_ex.o)
 .debug_info    0x000000000000cdd4     0x1036 a/libstm32f4xxhal.a(stm32f4xx_hal.o)
 .debug_info    0x000000000000de0a     0x1a90 a/libstm32f4xxhal.a(stm32f4xx_hal_uart.o)
 .debug_info    0x000000000000f89a      0xf4d a/libstm32f4xxhal.a(stm32f4xx_hal_gpio.o)
 .debug_info    0x00000000000107e7     0x15cf a/libstm32f4xxhal.a(stm32f4xx_hal_cortex.o)
 .debug_info    0x0000000000011db6     0x1049 a/libstm32f4xxhal.a(stm32f4xx_hal_dma.o)
 .debug_info    0x0000000000012dff     0x1a51 a/libstm32f4xxhal.a(stm32f4xx_hal_rtc.o)
 .debug_info    0x0000000000014850     0x1527 a/libstm32f4xxhal.a(stm32f4xx_hal_rcc.o)
 .debug_info    0x0000000000015d77     0x1ec2 a/libchibios-16.1.4-kernel.a(chsys.o)
 .debug_info    0x0000000000017c39     0x10f1 a/libchibios-16.1.4-kernel.a(chvt.o)
 .debug_info    0x0000000000018d2a     0x1944 a/libchibios-16.1.4-kernel.a(chschd.o)
 .debug_info    0x000000000001a66e     0x24e8 a/libchibios-16.1.4-kernel.a(chthreads.o)
 .debug_info    0x000000000001cb56     0x123d a/libchibios-16.1.4-kernel.a(chregistry.o)
 .debug_info    0x000000000001dd93     0x195d a/libchibios-16.1.4-kernel.a(chmtx.o)
 .debug_info    0x000000000001f6f0     0x2059 a/libchibios-16.1.4-kernel.a(chevents.o)
 .debug_info    0x0000000000021749     0x1225 a/libchibios-16.1.4-kernel.a(chmemcore.o)
 .debug_info    0x000000000002296e     0x138f a/libchibios-16.1.4-kernel.a(chheap.o)
 .debug_info    0x0000000000023cfd     0x15c1 a/libchibios-16.1.4-kernel.a(chcore_v7m.o)
 .debug_info    0x00000000000252be      0xb27 a/libchibios-16.1.4-kernel.a(crt1.o)
 .debug_info    0x0000000000025de5      0xa05 a/libchibios-16.1.4-kernel.a(vectors.o)
 .debug_info    0x00000000000267ea       0x8f a/libchibios-16.1.4-kernel.a(crt0_v7m.o)
 .debug_info    0x0000000000026879       0x90 a/libchibios-16.1.4-kernel.a(chcoreasm_v7m.o)
 .debug_info    0x0000000000026909      0x8a0 /usr/lib/gcc/arm-none-eabi/6.3.1/../../../arm-none-eabi/lib/thumb/v7e-m/fpv4-sp/hard/libg_nano.a(lib_a-impure.o)
 .debug_info    0x00000000000271a9       0xe1 /usr/lib/gcc/arm-none-eabi/6.3.1/../../../arm-none-eabi/lib/thumb/v7e-m/fpv4-sp/hard/libg_nano.a(lib_a-memcpy.o)
 .debug_info    0x000000000002728a      0x916 /usr/lib/gcc/arm-none-eabi/6.3.1/../../../arm-none-eabi/lib/thumb/v7e-m/fpv4-sp/hard/libg_nano.a(lib_a-memset.o)
 .debug_info    0x0000000000027ba0      0xbb0 /usr/lib/gcc/arm-none-eabi/6.3.1/../../../arm-none-eabi/lib/thumb/v7e-m/fpv4-sp/hard/libg_nano.a(lib_a-printf.o)
 .debug_info    0x0000000000028750      0xc31 /usr/lib/gcc/arm-none-eabi/6.3.1/../../../arm-none-eabi/lib/thumb/v7e-m/fpv4-sp/hard/libg_nano.a(lib_a-puts.o)
 .debug_info    0x0000000000029381      0xbc9 /usr/lib/gcc/arm-none-eabi/6.3.1/../../../arm-none-eabi/lib/thumb/v7e-m/fpv4-sp/hard/libg_nano.a(lib_a-wbuf.o)
 .debug_info    0x0000000000029f4a      0xb48 /usr/lib/gcc/arm-none-eabi/6.3.1/../../../arm-none-eabi/lib/thumb/v7e-m/fpv4-sp/hard/libg_nano.a(lib_a-wsetup.o)
 .debug_info    0x000000000002aa92      0xc8a /usr/lib/gcc/arm-none-eabi/6.3.1/../../../arm-none-eabi/lib/thumb/v7e-m/fpv4-sp/hard/libg_nano.a(lib_a-fflush.o)
 .debug_info    0x000000000002b71c      0xff9 /usr/lib/gcc/arm-none-eabi/6.3.1/../../../arm-none-eabi/lib/thumb/v7e-m/fpv4-sp/hard/libg_nano.a(lib_a-findfp.o)
 .debug_info    0x000000000002c715      0xbc7 /usr/lib/gcc/arm-none-eabi/6.3.1/../../../arm-none-eabi/lib/thumb/v7e-m/fpv4-sp/hard/libg_nano.a(lib_a-fwalk.o)
 .debug_info    0x000000000002d2dc      0xe43 /usr/lib/gcc/arm-none-eabi/6.3.1/../../../arm-none-eabi/lib/thumb/v7e-m/fpv4-sp/hard/libg_nano.a(lib_a-makebuf.o)
 .debug_info    0x000000000002e11f      0xa51 /usr/lib/gcc/arm-none-eabi/6.3.1/../../../arm-none-eabi/lib/thumb/v7e-m/fpv4-sp/hard/libg_nano.a(lib_a-nano-freer.o)
 .debug_info    0x000000000002eb70      0xb1f /usr/lib/gcc/arm-none-eabi/6.3.1/../../../arm-none-eabi/lib/thumb/v7e-m/fpv4-sp/hard/libg_nano.a(lib_a-nano-mallocr.o)
 .debug_info    0x000000000002f68f     0x113f /usr/lib/gcc/arm-none-eabi/6.3.1/../../../arm-none-eabi/lib/thumb/v7e-m/fpv4-sp/hard/libg_nano.a(lib_a-nano-vfprintf.o)
 .debug_info    0x00000000000307ce      0xfb4 /usr/lib/gcc/arm-none-eabi/6.3.1/../../../arm-none-eabi/lib/thumb/v7e-m/fpv4-sp/hard/libg_nano.a(lib_a-nano-vfprintf_i.o)
 .debug_info    0x0000000000031782      0xd51 /usr/lib/gcc/arm-none-eabi/6.3.1/../../../arm-none-eabi/lib/thumb/v7e-m/fpv4-sp/hard/libg_nano.a(lib_a-stdio.o)
 .debug_info    0x00000000000324d3      0xe12 /usr/lib/gcc/arm-none-eabi/6.3.1/../../../arm-none-eabi/lib/thumb/v7e-m/fpv4-sp/hard/libg_nano.a(lib_a-fvwrite.o)
 .debug_info    0x00000000000332e5       0xda /usr/lib/gcc/arm-none-eabi/6.3.1/../../../arm-none-eabi/lib/thumb/v7e-m/fpv4-sp/hard/libg_nano.a(lib_a-memchr.o)
 .debug_info    0x00000000000333bf      0x925 /usr/lib/gcc/arm-none-eabi/6.3.1/../../../arm-none-eabi/lib/thumb/v7e-m/fpv4-sp/hard/libg_nano.a(lib_a-memmove.o)
 .debug_info    0x0000000000033ce4      0xac0 /usr/lib/gcc/arm-none-eabi/6.3.1/../../../arm-none-eabi/lib/thumb/v7e-m/fpv4-sp/hard/libg_nano.a(lib_a-nano-reallocr.o)
 .debug_info    0x00000000000347a4      0x9f7 /usr/lib/gcc/arm-none-eabi/6.3.1/../../../arm-none-eabi/lib/thumb/v7e-m/fpv4-sp/hard/libg_nano.a(lib_a-nano-msizer.o)

.debug_abbrev   0x0000000000000000     0x87de
 .debug_abbrev  0x0000000000000000      0x30f o/src/main.o
 .debug_abbrev  0x000000000000030f      0x22e o/cube/nucleo-f410-bsp1/Src/rtc.o
 .debug_abbrev  0x000000000000053d      0x200 o/cube/nucleo-f410-bsp1/Src/stm32f4xx_hal_msp.o
 .debug_abbrev  0x000000000000073d      0x226 o/cube/nucleo-f410-bsp1/Src/gpio.o
 .debug_abbrev  0x0000000000000963      0x224 o/cube/nucleo-f410-bsp1/Src/dma.o
 .debug_abbrev  0x0000000000000b87      0x27b o/cube/nucleo-f410-bsp1/Src/usart.o
 .debug_abbrev  0x0000000000000e02      0x25c o/cube/nucleo-f410-bsp1/Src/cube_main.o
 .debug_abbrev  0x000000000000105e      0x20a o/lib/CMSIS-hal/Device/ST/STM32F4xx/Source/Templates/system_stm32f4xx.o
 .debug_abbrev  0x0000000000001268      0x258 o/port/chibios/chi_sthal_wrapper.o
 .debug_abbrev  0x00000000000014c0      0x24e o/src/simple-bsp/syscalls.o
 .debug_abbrev  0x000000000000170e      0x34c o/src/simple-bsp/usart2.o
 .debug_abbrev  0x0000000000001a5a      0x2ea a/libstm32f4xxhal.a(stm32f4xx_hal_rcc_ex.o)
 .debug_abbrev  0x0000000000001d44      0x335 a/libstm32f4xxhal.a(stm32f4xx_hal.o)
 .debug_abbrev  0x0000000000002079      0x3b0 a/libstm32f4xxhal.a(stm32f4xx_hal_uart.o)
 .debug_abbrev  0x0000000000002429      0x297 a/libstm32f4xxhal.a(stm32f4xx_hal_gpio.o)
 .debug_abbrev  0x00000000000026c0      0x3b9 a/libstm32f4xxhal.a(stm32f4xx_hal_cortex.o)
 .debug_abbrev  0x0000000000002a79      0x33e a/libstm32f4xxhal.a(stm32f4xx_hal_dma.o)
 .debug_abbrev  0x0000000000002db7      0x398 a/libstm32f4xxhal.a(stm32f4xx_hal_rtc.o)
 .debug_abbrev  0x000000000000314f      0x3e4 a/libstm32f4xxhal.a(stm32f4xx_hal_rcc.o)
 .debug_abbrev  0x0000000000003533      0x546 a/libchibios-16.1.4-kernel.a(chsys.o)
 .debug_abbrev  0x0000000000003a79      0x235 a/libchibios-16.1.4-kernel.a(chvt.o)
 .debug_abbrev  0x0000000000003cae      0x464 a/libchibios-16.1.4-kernel.a(chschd.o)
 .debug_abbrev  0x0000000000004112      0x4cf a/libchibios-16.1.4-kernel.a(chthreads.o)
 .debug_abbrev  0x00000000000045e1      0x2b8 a/libchibios-16.1.4-kernel.a(chregistry.o)
 .debug_abbrev  0x0000000000004899      0x414 a/libchibios-16.1.4-kernel.a(chmtx.o)
 .debug_abbrev  0x0000000000004cad      0x467 a/libchibios-16.1.4-kernel.a(chevents.o)
 .debug_abbrev  0x0000000000005114      0x2ea a/libchibios-16.1.4-kernel.a(chmemcore.o)
 .debug_abbrev  0x00000000000053fe      0x2eb a/libchibios-16.1.4-kernel.a(chheap.o)
 .debug_abbrev  0x00000000000056e9      0x2f0 a/libchibios-16.1.4-kernel.a(chcore_v7m.o)
 .debug_abbrev  0x00000000000059d9      0x228 a/libchibios-16.1.4-kernel.a(crt1.o)
 .debug_abbrev  0x0000000000005c01      0x1bf a/libchibios-16.1.4-kernel.a(vectors.o)
 .debug_abbrev  0x0000000000005dc0       0x14 a/libchibios-16.1.4-kernel.a(crt0_v7m.o)
 .debug_abbrev  0x0000000000005dd4       0x14 a/libchibios-16.1.4-kernel.a(chcoreasm_v7m.o)
 .debug_abbrev  0x0000000000005de8      0x153 /usr/lib/gcc/arm-none-eabi/6.3.1/../../../arm-none-eabi/lib/thumb/v7e-m/fpv4-sp/hard/libg_nano.a(lib_a-impure.o)
 .debug_abbrev  0x0000000000005f3b       0x14 /usr/lib/gcc/arm-none-eabi/6.3.1/../../../arm-none-eabi/lib/thumb/v7e-m/fpv4-sp/hard/libg_nano.a(lib_a-memcpy.o)
 .debug_abbrev  0x0000000000005f4f      0x197 /usr/lib/gcc/arm-none-eabi/6.3.1/../../../arm-none-eabi/lib/thumb/v7e-m/fpv4-sp/hard/libg_nano.a(lib_a-memset.o)
 .debug_abbrev  0x00000000000060e6      0x244 /usr/lib/gcc/arm-none-eabi/6.3.1/../../../arm-none-eabi/lib/thumb/v7e-m/fpv4-sp/hard/libg_nano.a(lib_a-printf.o)
 .debug_abbrev  0x000000000000632a      0x28c /usr/lib/gcc/arm-none-eabi/6.3.1/../../../arm-none-eabi/lib/thumb/v7e-m/fpv4-sp/hard/libg_nano.a(lib_a-puts.o)
 .debug_abbrev  0x00000000000065b6      0x243 /usr/lib/gcc/arm-none-eabi/6.3.1/../../../arm-none-eabi/lib/thumb/v7e-m/fpv4-sp/hard/libg_nano.a(lib_a-wbuf.o)
 .debug_abbrev  0x00000000000067f9      0x1ff /usr/lib/gcc/arm-none-eabi/6.3.1/../../../arm-none-eabi/lib/thumb/v7e-m/fpv4-sp/hard/libg_nano.a(lib_a-wsetup.o)
 .debug_abbrev  0x00000000000069f8      0x293 /usr/lib/gcc/arm-none-eabi/6.3.1/../../../arm-none-eabi/lib/thumb/v7e-m/fpv4-sp/hard/libg_nano.a(lib_a-fflush.o)
 .debug_abbrev  0x0000000000006c8b      0x364 /usr/lib/gcc/arm-none-eabi/6.3.1/../../../arm-none-eabi/lib/thumb/v7e-m/fpv4-sp/hard/libg_nano.a(lib_a-findfp.o)
 .debug_abbrev  0x0000000000006fef      0x1d4 /usr/lib/gcc/arm-none-eabi/6.3.1/../../../arm-none-eabi/lib/thumb/v7e-m/fpv4-sp/hard/libg_nano.a(lib_a-fwalk.o)
 .debug_abbrev  0x00000000000071c3      0x2a3 /usr/lib/gcc/arm-none-eabi/6.3.1/../../../arm-none-eabi/lib/thumb/v7e-m/fpv4-sp/hard/libg_nano.a(lib_a-makebuf.o)
 .debug_abbrev  0x0000000000007466      0x1ef /usr/lib/gcc/arm-none-eabi/6.3.1/../../../arm-none-eabi/lib/thumb/v7e-m/fpv4-sp/hard/libg_nano.a(lib_a-nano-freer.o)
 .debug_abbrev  0x0000000000007655      0x274 /usr/lib/gcc/arm-none-eabi/6.3.1/../../../arm-none-eabi/lib/thumb/v7e-m/fpv4-sp/hard/libg_nano.a(lib_a-nano-mallocr.o)
 .debug_abbrev  0x00000000000078c9      0x2eb /usr/lib/gcc/arm-none-eabi/6.3.1/../../../arm-none-eabi/lib/thumb/v7e-m/fpv4-sp/hard/libg_nano.a(lib_a-nano-vfprintf.o)
 .debug_abbrev  0x0000000000007bb4      0x27c /usr/lib/gcc/arm-none-eabi/6.3.1/../../../arm-none-eabi/lib/thumb/v7e-m/fpv4-sp/hard/libg_nano.a(lib_a-nano-vfprintf_i.o)
 .debug_abbrev  0x0000000000007e30      0x237 /usr/lib/gcc/arm-none-eabi/6.3.1/../../../arm-none-eabi/lib/thumb/v7e-m/fpv4-sp/hard/libg_nano.a(lib_a-stdio.o)
 .debug_abbrev  0x0000000000008067      0x22e /usr/lib/gcc/arm-none-eabi/6.3.1/../../../arm-none-eabi/lib/thumb/v7e-m/fpv4-sp/hard/libg_nano.a(lib_a-fvwrite.o)
 .debug_abbrev  0x0000000000008295       0x14 /usr/lib/gcc/arm-none-eabi/6.3.1/../../../arm-none-eabi/lib/thumb/v7e-m/fpv4-sp/hard/libg_nano.a(lib_a-memchr.o)
 .debug_abbrev  0x00000000000082a9      0x19c /usr/lib/gcc/arm-none-eabi/6.3.1/../../../arm-none-eabi/lib/thumb/v7e-m/fpv4-sp/hard/libg_nano.a(lib_a-memmove.o)
 .debug_abbrev  0x0000000000008445      0x1ee /usr/lib/gcc/arm-none-eabi/6.3.1/../../../arm-none-eabi/lib/thumb/v7e-m/fpv4-sp/hard/libg_nano.a(lib_a-nano-reallocr.o)
 .debug_abbrev  0x0000000000008633      0x1ab /usr/lib/gcc/arm-none-eabi/6.3.1/../../../arm-none-eabi/lib/thumb/v7e-m/fpv4-sp/hard/libg_nano.a(lib_a-nano-msizer.o)

.debug_loc      0x0000000000000000     0x9f59
 .debug_loc     0x0000000000000000      0x180 o/src/main.o
 .debug_loc     0x0000000000000180       0x58 o/cube/nucleo-f410-bsp1/Src/usart.o
 .debug_loc     0x00000000000001d8      0x14c o/lib/CMSIS-hal/Device/ST/STM32F4xx/Source/Templates/system_stm32f4xx.o
 .debug_loc     0x0000000000000324       0x29 o/port/chibios/chi_sthal_wrapper.o
 .debug_loc     0x000000000000034d      0x1e6 o/src/simple-bsp/syscalls.o
 .debug_loc     0x0000000000000533      0x16a o/src/simple-bsp/usart2.o
 .debug_loc     0x000000000000069d      0x386 a/libstm32f4xxhal.a(stm32f4xx_hal_rcc_ex.o)
 .debug_loc     0x0000000000000a23       0x92 a/libstm32f4xxhal.a(stm32f4xx_hal.o)
 .debug_loc     0x0000000000000ab5     0x10d7 a/libstm32f4xxhal.a(stm32f4xx_hal_uart.o)
 .debug_loc     0x0000000000001b8c      0x451 a/libstm32f4xxhal.a(stm32f4xx_hal_gpio.o)
 .debug_loc     0x0000000000001fdd      0x619 a/libstm32f4xxhal.a(stm32f4xx_hal_cortex.o)
 .debug_loc     0x00000000000025f6      0x752 a/libstm32f4xxhal.a(stm32f4xx_hal_dma.o)
 .debug_loc     0x0000000000002d48     0x12ff a/libstm32f4xxhal.a(stm32f4xx_hal_rtc.o)
 .debug_loc     0x0000000000004047      0x55e a/libstm32f4xxhal.a(stm32f4xx_hal_rcc.o)
 .debug_loc     0x00000000000045a5      0x31b a/libchibios-16.1.4-kernel.a(chsys.o)
 .debug_loc     0x00000000000048c0       0xd9 a/libchibios-16.1.4-kernel.a(chvt.o)
 .debug_loc     0x0000000000004999      0x4f6 a/libchibios-16.1.4-kernel.a(chschd.o)
 .debug_loc     0x0000000000004e8f      0xc69 a/libchibios-16.1.4-kernel.a(chthreads.o)
 .debug_loc     0x0000000000005af8       0x91 a/libchibios-16.1.4-kernel.a(chregistry.o)
 .debug_loc     0x0000000000005b89      0x510 a/libchibios-16.1.4-kernel.a(chmtx.o)
 .debug_loc     0x0000000000006099      0xa1b a/libchibios-16.1.4-kernel.a(chevents.o)
 .debug_loc     0x0000000000006ab4       0xcc a/libchibios-16.1.4-kernel.a(chmemcore.o)
 .debug_loc     0x0000000000006b80      0x3b8 a/libchibios-16.1.4-kernel.a(chheap.o)
 .debug_loc     0x0000000000006f38       0xcf a/libchibios-16.1.4-kernel.a(chcore_v7m.o)
 .debug_loc     0x0000000000007007       0x50 a/libchibios-16.1.4-kernel.a(crt1.o)
 .debug_loc     0x0000000000007057      0x1bd /usr/lib/gcc/arm-none-eabi/6.3.1/../../../arm-none-eabi/lib/thumb/v7e-m/fpv4-sp/hard/libg_nano.a(lib_a-memset.o)
 .debug_loc     0x0000000000007214       0x3f /usr/lib/gcc/arm-none-eabi/6.3.1/../../../arm-none-eabi/lib/thumb/v7e-m/fpv4-sp/hard/libg_nano.a(lib_a-printf.o)
 .debug_loc     0x0000000000007253      0x2bb /usr/lib/gcc/arm-none-eabi/6.3.1/../../../arm-none-eabi/lib/thumb/v7e-m/fpv4-sp/hard/libg_nano.a(lib_a-puts.o)
 .debug_loc     0x000000000000750e      0x12b /usr/lib/gcc/arm-none-eabi/6.3.1/../../../arm-none-eabi/lib/thumb/v7e-m/fpv4-sp/hard/libg_nano.a(lib_a-wbuf.o)
 .debug_loc     0x0000000000007639       0xaa /usr/lib/gcc/arm-none-eabi/6.3.1/../../../arm-none-eabi/lib/thumb/v7e-m/fpv4-sp/hard/libg_nano.a(lib_a-wsetup.o)
 .debug_loc     0x00000000000076e3      0x324 /usr/lib/gcc/arm-none-eabi/6.3.1/../../../arm-none-eabi/lib/thumb/v7e-m/fpv4-sp/hard/libg_nano.a(lib_a-fflush.o)
 .debug_loc     0x0000000000007a07      0x312 /usr/lib/gcc/arm-none-eabi/6.3.1/../../../arm-none-eabi/lib/thumb/v7e-m/fpv4-sp/hard/libg_nano.a(lib_a-findfp.o)
 .debug_loc     0x0000000000007d19      0x207 /usr/lib/gcc/arm-none-eabi/6.3.1/../../../arm-none-eabi/lib/thumb/v7e-m/fpv4-sp/hard/libg_nano.a(lib_a-fwalk.o)
 .debug_loc     0x0000000000007f20      0x120 /usr/lib/gcc/arm-none-eabi/6.3.1/../../../arm-none-eabi/lib/thumb/v7e-m/fpv4-sp/hard/libg_nano.a(lib_a-makebuf.o)
 .debug_loc     0x0000000000008040      0x140 /usr/lib/gcc/arm-none-eabi/6.3.1/../../../arm-none-eabi/lib/thumb/v7e-m/fpv4-sp/hard/libg_nano.a(lib_a-nano-freer.o)
 .debug_loc     0x0000000000008180      0x389 /usr/lib/gcc/arm-none-eabi/6.3.1/../../../arm-none-eabi/lib/thumb/v7e-m/fpv4-sp/hard/libg_nano.a(lib_a-nano-mallocr.o)
 .debug_loc     0x0000000000008509      0x5b9 /usr/lib/gcc/arm-none-eabi/6.3.1/../../../arm-none-eabi/lib/thumb/v7e-m/fpv4-sp/hard/libg_nano.a(lib_a-nano-vfprintf.o)
 .debug_loc     0x0000000000008ac2      0x68a /usr/lib/gcc/arm-none-eabi/6.3.1/../../../arm-none-eabi/lib/thumb/v7e-m/fpv4-sp/hard/libg_nano.a(lib_a-nano-vfprintf_i.o)
 .debug_loc     0x000000000000914c      0x2bf /usr/lib/gcc/arm-none-eabi/6.3.1/../../../arm-none-eabi/lib/thumb/v7e-m/fpv4-sp/hard/libg_nano.a(lib_a-stdio.o)
 .debug_loc     0x000000000000940b      0x6e8 /usr/lib/gcc/arm-none-eabi/6.3.1/../../../arm-none-eabi/lib/thumb/v7e-m/fpv4-sp/hard/libg_nano.a(lib_a-fvwrite.o)
 .debug_loc     0x0000000000009af3      0x269 /usr/lib/gcc/arm-none-eabi/6.3.1/../../../arm-none-eabi/lib/thumb/v7e-m/fpv4-sp/hard/libg_nano.a(lib_a-memmove.o)
 .debug_loc     0x0000000000009d5c      0x185 /usr/lib/gcc/arm-none-eabi/6.3.1/../../../arm-none-eabi/lib/thumb/v7e-m/fpv4-sp/hard/libg_nano.a(lib_a-nano-reallocr.o)
 .debug_loc     0x0000000000009ee1       0x78 /usr/lib/gcc/arm-none-eabi/6.3.1/../../../arm-none-eabi/lib/thumb/v7e-m/fpv4-sp/hard/libg_nano.a(lib_a-nano-msizer.o)

.debug_aranges  0x0000000000000000      0xd18
 .debug_aranges
                0x0000000000000000       0x30 o/src/main.o
 .debug_aranges
                0x0000000000000030       0x30 o/cube/nucleo-f410-bsp1/Src/rtc.o
 .debug_aranges
                0x0000000000000060       0x20 o/cube/nucleo-f410-bsp1/Src/stm32f4xx_hal_msp.o
 .debug_aranges
                0x0000000000000080       0x20 o/cube/nucleo-f410-bsp1/Src/gpio.o
 .debug_aranges
                0x00000000000000a0       0x20 o/cube/nucleo-f410-bsp1/Src/dma.o
 .debug_aranges
                0x00000000000000c0       0x30 o/cube/nucleo-f410-bsp1/Src/usart.o
 .debug_aranges
                0x00000000000000f0       0x28 o/cube/nucleo-f410-bsp1/Src/cube_main.o
 .debug_aranges
                0x0000000000000118       0x28 o/lib/CMSIS-hal/Device/ST/STM32F4xx/Source/Templates/system_stm32f4xx.o
 .debug_aranges
                0x0000000000000140       0x28 o/port/chibios/chi_sthal_wrapper.o
 .debug_aranges
                0x0000000000000168       0x50 o/src/simple-bsp/syscalls.o
 .debug_aranges
                0x00000000000001b8       0x40 o/src/simple-bsp/usart2.o
 .debug_aranges
                0x00000000000001f8       0x48 a/libstm32f4xxhal.a(stm32f4xx_hal_rcc_ex.o)
 .debug_aranges
                0x0000000000000240       0xb8 a/libstm32f4xxhal.a(stm32f4xx_hal.o)
 .debug_aranges
                0x00000000000002f8      0x100 a/libstm32f4xxhal.a(stm32f4xx_hal_uart.o)
 .debug_aranges
                0x00000000000003f8       0x58 a/libstm32f4xxhal.a(stm32f4xx_hal_gpio.o)
 .debug_aranges
                0x0000000000000450       0x98 a/libstm32f4xxhal.a(stm32f4xx_hal_cortex.o)
 .debug_aranges
                0x00000000000004e8       0x60 a/libstm32f4xxhal.a(stm32f4xx_hal_dma.o)
 .debug_aranges
                0x0000000000000548       0xa8 a/libstm32f4xxhal.a(stm32f4xx_hal_rtc.o)
 .debug_aranges
                0x00000000000005f0       0x80 a/libstm32f4xxhal.a(stm32f4xx_hal_rcc.o)
 .debug_aranges
                0x0000000000000670       0x60 a/libchibios-16.1.4-kernel.a(chsys.o)
 .debug_aranges
                0x00000000000006d0       0x30 a/libchibios-16.1.4-kernel.a(chvt.o)
 .debug_aranges
                0x0000000000000700       0x70 a/libchibios-16.1.4-kernel.a(chschd.o)
 .debug_aranges
                0x0000000000000770       0xc0 a/libchibios-16.1.4-kernel.a(chthreads.o)
 .debug_aranges
                0x0000000000000830       0x28 a/libchibios-16.1.4-kernel.a(chregistry.o)
 .debug_aranges
                0x0000000000000858       0x58 a/libchibios-16.1.4-kernel.a(chmtx.o)
 .debug_aranges
                0x00000000000008b0       0xa0 a/libchibios-16.1.4-kernel.a(chevents.o)
 .debug_aranges
                0x0000000000000950       0x38 a/libchibios-16.1.4-kernel.a(chmemcore.o)
 .debug_aranges
                0x0000000000000988       0x40 a/libchibios-16.1.4-kernel.a(chheap.o)
 .debug_aranges
                0x00000000000009c8       0x28 a/libchibios-16.1.4-kernel.a(chcore_v7m.o)
 .debug_aranges
                0x00000000000009f0       0x30 a/libchibios-16.1.4-kernel.a(crt1.o)
 .debug_aranges
                0x0000000000000a20       0x20 a/libchibios-16.1.4-kernel.a(vectors.o)
 .debug_aranges
                0x0000000000000a40       0x20 a/libchibios-16.1.4-kernel.a(crt0_v7m.o)
 .debug_aranges
                0x0000000000000a60       0x20 a/libchibios-16.1.4-kernel.a(chcoreasm_v7m.o)
 .debug_aranges
                0x0000000000000a80       0x18 /usr/lib/gcc/arm-none-eabi/6.3.1/../../../arm-none-eabi/lib/thumb/v7e-m/fpv4-sp/hard/libg_nano.a(lib_a-impure.o)
 .debug_aranges
                0x0000000000000a98       0x20 /usr/lib/gcc/arm-none-eabi/6.3.1/../../../arm-none-eabi/lib/thumb/v7e-m/fpv4-sp/hard/libg_nano.a(lib_a-memcpy.o)
 .debug_aranges
                0x0000000000000ab8       0x20 /usr/lib/gcc/arm-none-eabi/6.3.1/../../../arm-none-eabi/lib/thumb/v7e-m/fpv4-sp/hard/libg_nano.a(lib_a-memset.o)
 .debug_aranges
                0x0000000000000ad8       0x20 /usr/lib/gcc/arm-none-eabi/6.3.1/../../../arm-none-eabi/lib/thumb/v7e-m/fpv4-sp/hard/libg_nano.a(lib_a-printf.o)
 .debug_aranges
                0x0000000000000af8       0x20 /usr/lib/gcc/arm-none-eabi/6.3.1/../../../arm-none-eabi/lib/thumb/v7e-m/fpv4-sp/hard/libg_nano.a(lib_a-puts.o)
 .debug_aranges
                0x0000000000000b18       0x20 /usr/lib/gcc/arm-none-eabi/6.3.1/../../../arm-none-eabi/lib/thumb/v7e-m/fpv4-sp/hard/libg_nano.a(lib_a-wbuf.o)
 .debug_aranges
                0x0000000000000b38       0x20 /usr/lib/gcc/arm-none-eabi/6.3.1/../../../arm-none-eabi/lib/thumb/v7e-m/fpv4-sp/hard/libg_nano.a(lib_a-wsetup.o)
 .debug_aranges
                0x0000000000000b58       0x20 /usr/lib/gcc/arm-none-eabi/6.3.1/../../../arm-none-eabi/lib/thumb/v7e-m/fpv4-sp/hard/libg_nano.a(lib_a-fflush.o)
 .debug_aranges
                0x0000000000000b78       0x20 /usr/lib/gcc/arm-none-eabi/6.3.1/../../../arm-none-eabi/lib/thumb/v7e-m/fpv4-sp/hard/libg_nano.a(lib_a-findfp.o)
 .debug_aranges
                0x0000000000000b98       0x20 /usr/lib/gcc/arm-none-eabi/6.3.1/../../../arm-none-eabi/lib/thumb/v7e-m/fpv4-sp/hard/libg_nano.a(lib_a-fwalk.o)
 .debug_aranges
                0x0000000000000bb8       0x20 /usr/lib/gcc/arm-none-eabi/6.3.1/../../../arm-none-eabi/lib/thumb/v7e-m/fpv4-sp/hard/libg_nano.a(lib_a-makebuf.o)
 .debug_aranges
                0x0000000000000bd8       0x20 /usr/lib/gcc/arm-none-eabi/6.3.1/../../../arm-none-eabi/lib/thumb/v7e-m/fpv4-sp/hard/libg_nano.a(lib_a-nano-freer.o)
 .debug_aranges
                0x0000000000000bf8       0x20 /usr/lib/gcc/arm-none-eabi/6.3.1/../../../arm-none-eabi/lib/thumb/v7e-m/fpv4-sp/hard/libg_nano.a(lib_a-nano-mallocr.o)
 .debug_aranges
                0x0000000000000c18       0x20 /usr/lib/gcc/arm-none-eabi/6.3.1/../../../arm-none-eabi/lib/thumb/v7e-m/fpv4-sp/hard/libg_nano.a(lib_a-nano-vfprintf.o)
 .debug_aranges
                0x0000000000000c38       0x20 /usr/lib/gcc/arm-none-eabi/6.3.1/../../../arm-none-eabi/lib/thumb/v7e-m/fpv4-sp/hard/libg_nano.a(lib_a-nano-vfprintf_i.o)
 .debug_aranges
                0x0000000000000c58       0x20 /usr/lib/gcc/arm-none-eabi/6.3.1/../../../arm-none-eabi/lib/thumb/v7e-m/fpv4-sp/hard/libg_nano.a(lib_a-stdio.o)
 .debug_aranges
                0x0000000000000c78       0x20 /usr/lib/gcc/arm-none-eabi/6.3.1/../../../arm-none-eabi/lib/thumb/v7e-m/fpv4-sp/hard/libg_nano.a(lib_a-fvwrite.o)
 .debug_aranges
                0x0000000000000c98       0x20 /usr/lib/gcc/arm-none-eabi/6.3.1/../../../arm-none-eabi/lib/thumb/v7e-m/fpv4-sp/hard/libg_nano.a(lib_a-memchr.o)
 .debug_aranges
                0x0000000000000cb8       0x20 /usr/lib/gcc/arm-none-eabi/6.3.1/../../../arm-none-eabi/lib/thumb/v7e-m/fpv4-sp/hard/libg_nano.a(lib_a-memmove.o)
 .debug_aranges
                0x0000000000000cd8       0x20 /usr/lib/gcc/arm-none-eabi/6.3.1/../../../arm-none-eabi/lib/thumb/v7e-m/fpv4-sp/hard/libg_nano.a(lib_a-nano-reallocr.o)
 .debug_aranges
                0x0000000000000cf8       0x20 /usr/lib/gcc/arm-none-eabi/6.3.1/../../../arm-none-eabi/lib/thumb/v7e-m/fpv4-sp/hard/libg_nano.a(lib_a-nano-msizer.o)

.debug_ranges   0x0000000000000000     0x1910
 .debug_ranges  0x0000000000000000       0x90 o/src/main.o
 .debug_ranges  0x0000000000000090       0x20 o/cube/nucleo-f410-bsp1/Src/rtc.o
 .debug_ranges  0x00000000000000b0       0x10 o/cube/nucleo-f410-bsp1/Src/stm32f4xx_hal_msp.o
 .debug_ranges  0x00000000000000c0       0x48 o/cube/nucleo-f410-bsp1/Src/gpio.o
 .debug_ranges  0x0000000000000108       0x28 o/cube/nucleo-f410-bsp1/Src/dma.o
 .debug_ranges  0x0000000000000130       0x50 o/cube/nucleo-f410-bsp1/Src/usart.o
 .debug_ranges  0x0000000000000180       0x50 o/cube/nucleo-f410-bsp1/Src/cube_main.o
 .debug_ranges  0x00000000000001d0       0x18 o/lib/CMSIS-hal/Device/ST/STM32F4xx/Source/Templates/system_stm32f4xx.o
 .debug_ranges  0x00000000000001e8       0x18 o/port/chibios/chi_sthal_wrapper.o
 .debug_ranges  0x0000000000000200       0x40 o/src/simple-bsp/syscalls.o
 .debug_ranges  0x0000000000000240       0x30 o/src/simple-bsp/usart2.o
 .debug_ranges  0x0000000000000270       0xc8 a/libstm32f4xxhal.a(stm32f4xx_hal_rcc_ex.o)
 .debug_ranges  0x0000000000000338       0xa8 a/libstm32f4xxhal.a(stm32f4xx_hal.o)
 .debug_ranges  0x00000000000003e0      0x1b0 a/libstm32f4xxhal.a(stm32f4xx_hal_uart.o)
 .debug_ranges  0x0000000000000590       0x68 a/libstm32f4xxhal.a(stm32f4xx_hal_gpio.o)
 .debug_ranges  0x00000000000005f8      0x140 a/libstm32f4xxhal.a(stm32f4xx_hal_cortex.o)
 .debug_ranges  0x0000000000000738       0xc0 a/libstm32f4xxhal.a(stm32f4xx_hal_dma.o)
 .debug_ranges  0x00000000000007f8      0x3e0 a/libstm32f4xxhal.a(stm32f4xx_hal_rtc.o)
 .debug_ranges  0x0000000000000bd8      0x170 a/libstm32f4xxhal.a(stm32f4xx_hal_rcc.o)
 .debug_ranges  0x0000000000000d48      0x120 a/libchibios-16.1.4-kernel.a(chsys.o)
 .debug_ranges  0x0000000000000e68       0x20 a/libchibios-16.1.4-kernel.a(chvt.o)
 .debug_ranges  0x0000000000000e88      0x288 a/libchibios-16.1.4-kernel.a(chschd.o)
 .debug_ranges  0x0000000000001110      0x208 a/libchibios-16.1.4-kernel.a(chthreads.o)
 .debug_ranges  0x0000000000001318       0x18 a/libchibios-16.1.4-kernel.a(chregistry.o)
 .debug_ranges  0x0000000000001330      0x108 a/libchibios-16.1.4-kernel.a(chmtx.o)
 .debug_ranges  0x0000000000001438      0x168 a/libchibios-16.1.4-kernel.a(chevents.o)
 .debug_ranges  0x00000000000015a0       0x28 a/libchibios-16.1.4-kernel.a(chmemcore.o)
 .debug_ranges  0x00000000000015c8       0x30 a/libchibios-16.1.4-kernel.a(chheap.o)
 .debug_ranges  0x00000000000015f8       0x30 a/libchibios-16.1.4-kernel.a(chcore_v7m.o)
 .debug_ranges  0x0000000000001628       0x20 a/libchibios-16.1.4-kernel.a(crt1.o)
 .debug_ranges  0x0000000000001648       0x10 a/libchibios-16.1.4-kernel.a(vectors.o)
 .debug_ranges  0x0000000000001658       0x60 /usr/lib/gcc/arm-none-eabi/6.3.1/../../../arm-none-eabi/lib/thumb/v7e-m/fpv4-sp/hard/libg_nano.a(lib_a-puts.o)
 .debug_ranges  0x00000000000016b8       0x18 /usr/lib/gcc/arm-none-eabi/6.3.1/../../../arm-none-eabi/lib/thumb/v7e-m/fpv4-sp/hard/libg_nano.a(lib_a-wbuf.o)
 .debug_ranges  0x00000000000016d0       0x30 /usr/lib/gcc/arm-none-eabi/6.3.1/../../../arm-none-eabi/lib/thumb/v7e-m/fpv4-sp/hard/libg_nano.a(lib_a-wsetup.o)
 .debug_ranges  0x0000000000001700       0x58 /usr/lib/gcc/arm-none-eabi/6.3.1/../../../arm-none-eabi/lib/thumb/v7e-m/fpv4-sp/hard/libg_nano.a(lib_a-fflush.o)
 .debug_ranges  0x0000000000001758       0x68 /usr/lib/gcc/arm-none-eabi/6.3.1/../../../arm-none-eabi/lib/thumb/v7e-m/fpv4-sp/hard/libg_nano.a(lib_a-findfp.o)
 .debug_ranges  0x00000000000017c0       0x28 /usr/lib/gcc/arm-none-eabi/6.3.1/../../../arm-none-eabi/lib/thumb/v7e-m/fpv4-sp/hard/libg_nano.a(lib_a-makebuf.o)
 .debug_ranges  0x00000000000017e8       0x40 /usr/lib/gcc/arm-none-eabi/6.3.1/../../../arm-none-eabi/lib/thumb/v7e-m/fpv4-sp/hard/libg_nano.a(lib_a-nano-mallocr.o)
 .debug_ranges  0x0000000000001828       0x18 /usr/lib/gcc/arm-none-eabi/6.3.1/../../../arm-none-eabi/lib/thumb/v7e-m/fpv4-sp/hard/libg_nano.a(lib_a-nano-vfprintf.o)
 .debug_ranges  0x0000000000001840       0xb0 /usr/lib/gcc/arm-none-eabi/6.3.1/../../../arm-none-eabi/lib/thumb/v7e-m/fpv4-sp/hard/libg_nano.a(lib_a-nano-vfprintf_i.o)
 .debug_ranges  0x00000000000018f0       0x20 /usr/lib/gcc/arm-none-eabi/6.3.1/../../../arm-none-eabi/lib/thumb/v7e-m/fpv4-sp/hard/libg_nano.a(lib_a-fvwrite.o)

.debug_line     0x0000000000000000     0xa71f
 .debug_line    0x0000000000000000      0x396 o/src/main.o
 .debug_line    0x0000000000000396      0x252 o/cube/nucleo-f410-bsp1/Src/rtc.o
 .debug_line    0x00000000000005e8      0x1cd o/cube/nucleo-f410-bsp1/Src/stm32f4xx_hal_msp.o
 .debug_line    0x00000000000007b5      0x1f8 o/cube/nucleo-f410-bsp1/Src/gpio.o
 .debug_line    0x00000000000009ad      0x1c1 o/cube/nucleo-f410-bsp1/Src/dma.o
 .debug_line    0x0000000000000b6e      0x2b7 o/cube/nucleo-f410-bsp1/Src/usart.o
 .debug_line    0x0000000000000e25      0x2f2 o/cube/nucleo-f410-bsp1/Src/cube_main.o
 .debug_line    0x0000000000001117      0x1f0 o/lib/CMSIS-hal/Device/ST/STM32F4xx/Source/Templates/system_stm32f4xx.o
 .debug_line    0x0000000000001307      0x2e1 o/port/chibios/chi_sthal_wrapper.o
 .debug_line    0x00000000000015e8      0x354 o/src/simple-bsp/syscalls.o
 .debug_line    0x000000000000193c      0x43f o/src/simple-bsp/usart2.o
 .debug_line    0x0000000000001d7b      0x4e3 a/libstm32f4xxhal.a(stm32f4xx_hal_rcc_ex.o)
 .debug_line    0x000000000000225e      0x3cb a/libstm32f4xxhal.a(stm32f4xx_hal.o)
 .debug_line    0x0000000000002629      0xa51 a/libstm32f4xxhal.a(stm32f4xx_hal_uart.o)
 .debug_line    0x000000000000307a      0x405 a/libstm32f4xxhal.a(stm32f4xx_hal_gpio.o)
 .debug_line    0x000000000000347f      0x43b a/libstm32f4xxhal.a(stm32f4xx_hal_cortex.o)
 .debug_line    0x00000000000038ba      0x53c a/libstm32f4xxhal.a(stm32f4xx_hal_dma.o)
 .debug_line    0x0000000000003df6      0x824 a/libstm32f4xxhal.a(stm32f4xx_hal_rtc.o)
 .debug_line    0x000000000000461a      0x605 a/libstm32f4xxhal.a(stm32f4xx_hal_rcc.o)
 .debug_line    0x0000000000004c1f      0x53b a/libchibios-16.1.4-kernel.a(chsys.o)
 .debug_line    0x000000000000515a      0x32a a/libchibios-16.1.4-kernel.a(chvt.o)
 .debug_line    0x0000000000005484      0x61c a/libchibios-16.1.4-kernel.a(chschd.o)
 .debug_line    0x0000000000005aa0      0x72a a/libchibios-16.1.4-kernel.a(chthreads.o)
 .debug_line    0x00000000000061ca      0x350 a/libchibios-16.1.4-kernel.a(chregistry.o)
 .debug_line    0x000000000000651a      0x4fa a/libchibios-16.1.4-kernel.a(chmtx.o)
 .debug_line    0x0000000000006a14      0x679 a/libchibios-16.1.4-kernel.a(chevents.o)
 .debug_line    0x000000000000708d      0x358 a/libchibios-16.1.4-kernel.a(chmemcore.o)
 .debug_line    0x00000000000073e5      0x3be a/libchibios-16.1.4-kernel.a(chheap.o)
 .debug_line    0x00000000000077a3      0x365 a/libchibios-16.1.4-kernel.a(chcore_v7m.o)
 .debug_line    0x0000000000007b08      0x1e7 a/libchibios-16.1.4-kernel.a(crt1.o)
 .debug_line    0x0000000000007cef      0x1c5 a/libchibios-16.1.4-kernel.a(vectors.o)
 .debug_line    0x0000000000007eb4       0xc1 a/libchibios-16.1.4-kernel.a(crt0_v7m.o)
 .debug_line    0x0000000000007f75       0x84 a/libchibios-16.1.4-kernel.a(chcoreasm_v7m.o)
 .debug_line    0x0000000000007ff9       0xef /usr/lib/gcc/arm-none-eabi/6.3.1/../../../arm-none-eabi/lib/thumb/v7e-m/fpv4-sp/hard/libg_nano.a(lib_a-impure.o)
 .debug_line    0x00000000000080e8       0xc1 /usr/lib/gcc/arm-none-eabi/6.3.1/../../../arm-none-eabi/lib/thumb/v7e-m/fpv4-sp/hard/libg_nano.a(lib_a-memcpy.o)
 .debug_line    0x00000000000081a9      0x17c /usr/lib/gcc/arm-none-eabi/6.3.1/../../../arm-none-eabi/lib/thumb/v7e-m/fpv4-sp/hard/libg_nano.a(lib_a-memset.o)
 .debug_line    0x0000000000008325      0x1b0 /usr/lib/gcc/arm-none-eabi/6.3.1/../../../arm-none-eabi/lib/thumb/v7e-m/fpv4-sp/hard/libg_nano.a(lib_a-printf.o)
 .debug_line    0x00000000000084d5      0x210 /usr/lib/gcc/arm-none-eabi/6.3.1/../../../arm-none-eabi/lib/thumb/v7e-m/fpv4-sp/hard/libg_nano.a(lib_a-puts.o)
 .debug_line    0x00000000000086e5      0x1e5 /usr/lib/gcc/arm-none-eabi/6.3.1/../../../arm-none-eabi/lib/thumb/v7e-m/fpv4-sp/hard/libg_nano.a(lib_a-wbuf.o)
 .debug_line    0x00000000000088ca      0x1e5 /usr/lib/gcc/arm-none-eabi/6.3.1/../../../arm-none-eabi/lib/thumb/v7e-m/fpv4-sp/hard/libg_nano.a(lib_a-wsetup.o)
 .debug_line    0x0000000000008aaf      0x244 /usr/lib/gcc/arm-none-eabi/6.3.1/../../../arm-none-eabi/lib/thumb/v7e-m/fpv4-sp/hard/libg_nano.a(lib_a-fflush.o)
 .debug_line    0x0000000000008cf3      0x29e /usr/lib/gcc/arm-none-eabi/6.3.1/../../../arm-none-eabi/lib/thumb/v7e-m/fpv4-sp/hard/libg_nano.a(lib_a-findfp.o)
 .debug_line    0x0000000000008f91      0x1ca /usr/lib/gcc/arm-none-eabi/6.3.1/../../../arm-none-eabi/lib/thumb/v7e-m/fpv4-sp/hard/libg_nano.a(lib_a-fwalk.o)
 .debug_line    0x000000000000915b      0x279 /usr/lib/gcc/arm-none-eabi/6.3.1/../../../arm-none-eabi/lib/thumb/v7e-m/fpv4-sp/hard/libg_nano.a(lib_a-makebuf.o)
 .debug_line    0x00000000000093d4      0x165 /usr/lib/gcc/arm-none-eabi/6.3.1/../../../arm-none-eabi/lib/thumb/v7e-m/fpv4-sp/hard/libg_nano.a(lib_a-nano-freer.o)
 .debug_line    0x0000000000009539      0x1a8 /usr/lib/gcc/arm-none-eabi/6.3.1/../../../arm-none-eabi/lib/thumb/v7e-m/fpv4-sp/hard/libg_nano.a(lib_a-nano-mallocr.o)
 .debug_line    0x00000000000096e1      0x362 /usr/lib/gcc/arm-none-eabi/6.3.1/../../../arm-none-eabi/lib/thumb/v7e-m/fpv4-sp/hard/libg_nano.a(lib_a-nano-vfprintf.o)
 .debug_line    0x0000000000009a43      0x3a1 /usr/lib/gcc/arm-none-eabi/6.3.1/../../../arm-none-eabi/lib/thumb/v7e-m/fpv4-sp/hard/libg_nano.a(lib_a-nano-vfprintf_i.o)
 .debug_line    0x0000000000009de4      0x1bb /usr/lib/gcc/arm-none-eabi/6.3.1/../../../arm-none-eabi/lib/thumb/v7e-m/fpv4-sp/hard/libg_nano.a(lib_a-stdio.o)
 .debug_line    0x0000000000009f9f      0x2c1 /usr/lib/gcc/arm-none-eabi/6.3.1/../../../arm-none-eabi/lib/thumb/v7e-m/fpv4-sp/hard/libg_nano.a(lib_a-fvwrite.o)
 .debug_line    0x000000000000a260       0xa7 /usr/lib/gcc/arm-none-eabi/6.3.1/../../../arm-none-eabi/lib/thumb/v7e-m/fpv4-sp/hard/libg_nano.a(lib_a-memchr.o)
 .debug_line    0x000000000000a307      0x182 /usr/lib/gcc/arm-none-eabi/6.3.1/../../../arm-none-eabi/lib/thumb/v7e-m/fpv4-sp/hard/libg_nano.a(lib_a-memmove.o)
 .debug_line    0x000000000000a489      0x181 /usr/lib/gcc/arm-none-eabi/6.3.1/../../../arm-none-eabi/lib/thumb/v7e-m/fpv4-sp/hard/libg_nano.a(lib_a-nano-reallocr.o)
 .debug_line    0x000000000000a60a      0x115 /usr/lib/gcc/arm-none-eabi/6.3.1/../../../arm-none-eabi/lib/thumb/v7e-m/fpv4-sp/hard/libg_nano.a(lib_a-nano-msizer.o)

.debug_str      0x0000000000000000     0x49b4
 .debug_str     0x0000000000000000      0xa0f o/src/main.o
                                        0xb46 (size before relaxing)
 .debug_str     0x0000000000000a0f      0x388 o/cube/nucleo-f410-bsp1/Src/rtc.o
                                        0x96e (size before relaxing)
 .debug_str     0x0000000000000d97      0x3b2 o/cube/nucleo-f410-bsp1/Src/stm32f4xx_hal_msp.o
                                        0x975 (size before relaxing)
 .debug_str     0x0000000000001149      0x170 o/cube/nucleo-f410-bsp1/Src/gpio.o
                                        0x77a (size before relaxing)
 .debug_str     0x00000000000012b9       0x3f o/cube/nucleo-f410-bsp1/Src/dma.o
                                        0xa43 (size before relaxing)
 .debug_str     0x00000000000012f8      0x4ab o/cube/nucleo-f410-bsp1/Src/usart.o
                                        0xfbf (size before relaxing)
 .debug_str     0x00000000000017a3      0x28b o/cube/nucleo-f410-bsp1/Src/cube_main.o
                                       0x1309 (size before relaxing)
 .debug_str     0x0000000000001a2e       0xdd o/lib/CMSIS-hal/Device/ST/STM32F4xx/Source/Templates/system_stm32f4xx.o
                                        0x785 (size before relaxing)
 .debug_str     0x0000000000001b0b       0xdf o/port/chibios/chi_sthal_wrapper.o
                                        0xae2 (size before relaxing)
 .debug_str     0x0000000000001bea      0x19e o/src/simple-bsp/syscalls.o
                                        0xc22 (size before relaxing)
 .debug_str     0x0000000000001d88       0xc1 o/src/simple-bsp/usart2.o
                                        0xfeb (size before relaxing)
 .debug_str     0x0000000000001e49      0x126 a/libstm32f4xxhal.a(stm32f4xx_hal_rcc_ex.o)
                                        0x92c (size before relaxing)
 .debug_str     0x0000000000001f6f      0x20c a/libstm32f4xxhal.a(stm32f4xx_hal.o)
                                        0xce1 (size before relaxing)
 .debug_str     0x000000000000217b      0x393 a/libstm32f4xxhal.a(stm32f4xx_hal_uart.o)
                                        0xe80 (size before relaxing)
 .debug_str     0x000000000000250e      0x11d a/libstm32f4xxhal.a(stm32f4xx_hal_gpio.o)
                                        0x8d2 (size before relaxing)
 .debug_str     0x000000000000262b      0x2f1 a/libstm32f4xxhal.a(stm32f4xx_hal_cortex.o)
                                        0xe4e (size before relaxing)
 .debug_str     0x000000000000291c      0x14c a/libstm32f4xxhal.a(stm32f4xx_hal_dma.o)
                                        0xa5b (size before relaxing)
 .debug_str     0x0000000000002a68      0x181 a/libstm32f4xxhal.a(stm32f4xx_hal_rtc.o)
                                        0xb38 (size before relaxing)
 .debug_str     0x0000000000002be9      0x108 a/libstm32f4xxhal.a(stm32f4xx_hal_rcc.o)
                                        0xa9c (size before relaxing)
 .debug_str     0x0000000000002cf1      0x2d7 a/libchibios-16.1.4-kernel.a(chsys.o)
                                       0x122e (size before relaxing)
 .debug_str     0x0000000000002fc8       0x45 a/libchibios-16.1.4-kernel.a(chvt.o)
                                        0xa46 (size before relaxing)
 .debug_str     0x000000000000300d      0x140 a/libchibios-16.1.4-kernel.a(chschd.o)
                                        0xbf3 (size before relaxing)
 .debug_str     0x000000000000314d      0x1fe a/libchibios-16.1.4-kernel.a(chthreads.o)
                                        0xd2f (size before relaxing)
 .debug_str     0x000000000000334b       0x47 a/libchibios-16.1.4-kernel.a(chregistry.o)
                                        0xa8d (size before relaxing)
 .debug_str     0x0000000000003392       0xaf a/libchibios-16.1.4-kernel.a(chmtx.o)
                                        0xb54 (size before relaxing)
 .debug_str     0x0000000000003441      0x1d5 a/libchibios-16.1.4-kernel.a(chevents.o)
                                        0xc81 (size before relaxing)
 .debug_str     0x0000000000003616       0x6d a/libchibios-16.1.4-kernel.a(chmemcore.o)
                                        0xac2 (size before relaxing)
 .debug_str     0x0000000000003683       0xc1 a/libchibios-16.1.4-kernel.a(chheap.o)
                                        0xafa (size before relaxing)
 .debug_str     0x0000000000003744       0xbe a/libchibios-16.1.4-kernel.a(chcore_v7m.o)
                                        0xb8b (size before relaxing)
 .debug_str     0x0000000000003802      0x2ab a/libchibios-16.1.4-kernel.a(crt1.o)
                                        0x86b (size before relaxing)
 .debug_str     0x0000000000003aad      0x160 a/libchibios-16.1.4-kernel.a(vectors.o)
                                        0x708 (size before relaxing)
 .debug_str     0x0000000000003c0d      0x1cb /usr/lib/gcc/arm-none-eabi/6.3.1/../../../arm-none-eabi/lib/thumb/v7e-m/fpv4-sp/hard/libg_nano.a(lib_a-impure.o)
                                        0x602 (size before relaxing)
 .debug_str     0x0000000000003dd8       0xbb /usr/lib/gcc/arm-none-eabi/6.3.1/../../../arm-none-eabi/lib/thumb/v7e-m/fpv4-sp/hard/libg_nano.a(lib_a-memset.o)
                                        0x61a (size before relaxing)
 .debug_str     0x0000000000003e93      0x201 /usr/lib/gcc/arm-none-eabi/6.3.1/../../../arm-none-eabi/lib/thumb/v7e-m/fpv4-sp/hard/libg_nano.a(lib_a-printf.o)
                                        0x77c (size before relaxing)
 .debug_str     0x0000000000004094       0x58 /usr/lib/gcc/arm-none-eabi/6.3.1/../../../arm-none-eabi/lib/thumb/v7e-m/fpv4-sp/hard/libg_nano.a(lib_a-puts.o)
                                        0x785 (size before relaxing)
 .debug_str     0x00000000000040ec       0x46 /usr/lib/gcc/arm-none-eabi/6.3.1/../../../arm-none-eabi/lib/thumb/v7e-m/fpv4-sp/hard/libg_nano.a(lib_a-wbuf.o)
                                        0x78b (size before relaxing)
 .debug_str     0x0000000000004132       0x4b /usr/lib/gcc/arm-none-eabi/6.3.1/../../../arm-none-eabi/lib/thumb/v7e-m/fpv4-sp/hard/libg_nano.a(lib_a-wsetup.o)
                                        0x786 (size before relaxing)
 .debug_str     0x000000000000417d       0x66 /usr/lib/gcc/arm-none-eabi/6.3.1/../../../arm-none-eabi/lib/thumb/v7e-m/fpv4-sp/hard/libg_nano.a(lib_a-fflush.o)
                                        0x7b4 (size before relaxing)
 .debug_str     0x00000000000041e3      0x123 /usr/lib/gcc/arm-none-eabi/6.3.1/../../../arm-none-eabi/lib/thumb/v7e-m/fpv4-sp/hard/libg_nano.a(lib_a-findfp.o)
                                        0x890 (size before relaxing)
 .debug_str     0x0000000000004306       0x44 /usr/lib/gcc/arm-none-eabi/6.3.1/../../../arm-none-eabi/lib/thumb/v7e-m/fpv4-sp/hard/libg_nano.a(lib_a-fwalk.o)
                                        0x778 (size before relaxing)